Component: ARM Compiler 5.06 update 1 (build 61) Tool: armlink [4d35a8]

==============================================================================

Section Cross References

    fm33a0xx_aes.o(i.AES_GroupWriteAndRead_128BIT) refers to fm33a0xx_aes.o(i.AES_AESDIN_GroupWrite_128BIT) for AES_AESDIN_GroupWrite_128BIT
    fm33a0xx_aes.o(i.AES_GroupWriteAndRead_128BIT) refers to fm33a0xx_aes.o(i.AES_AESIF_CCF_Chk) for AES_AESIF_CCF_Chk
    fm33a0xx_aes.o(i.AES_GroupWriteAndRead_128BIT) refers to fm33a0xx_aes.o(i.AES_AESCR_CCFC_Clr) for AES_AESCR_CCFC_Clr
    fm33a0xx_aes.o(i.AES_GroupWriteAndRead_128BIT) refers to fm33a0xx_aes.o(i.AES_AESDOUT_GroupRead_128BIT) for AES_AESDOUT_GroupRead_128BIT
    fm33a0xx_aes.o(i.AES_Init) refers to fm33a0xx_aes.o(i.AES_AESCR_KEYLEN_Set) for AES_AESCR_KEYLEN_Set
    fm33a0xx_aes.o(i.AES_Init) refers to fm33a0xx_aes.o(i.AES_AESCR_CHMOD_Set) for AES_AESCR_CHMOD_Set
    fm33a0xx_aes.o(i.AES_Init) refers to fm33a0xx_aes.o(i.AES_AESCR_MODE_Set) for AES_AESCR_MODE_Set
    fm33a0xx_aes.o(i.AES_Init) refers to fm33a0xx_aes.o(i.AES_AESCR_DATATYP_Set) for AES_AESCR_DATATYP_Set
    fm33a0xx_aes.o(i.AES_Init) refers to fm33a0xx_aes.o(i.AES_AESCR_DMAOEN_Setable) for AES_AESCR_DMAOEN_Setable
    fm33a0xx_aes.o(i.AES_Init) refers to fm33a0xx_aes.o(i.AES_AESCR_DMAIEN_Setable) for AES_AESCR_DMAIEN_Setable
    fm33a0xx_aes.o(i.AES_Init) refers to fm33a0xx_aes.o(i.AES_AESCR_ERRIE_Setable) for AES_AESCR_ERRIE_Setable
    fm33a0xx_aes.o(i.AES_Init) refers to fm33a0xx_aes.o(i.AES_AESCR_CCFIE_Setable) for AES_AESCR_CCFIE_Setable
    fm33a0xx_aes.o(i.AES_Init) refers to fm33a0xx_aes.o(i.AES_AESCR_AESEN_Setable) for AES_AESCR_AESEN_Setable
    fm33a0xx_anac.o(i.ANAC_ADC_Channel_SetEx) refers to fm33a0xx_anac.o(i.__ARM_common_switch8) for __ARM_common_switch8
    fm33a0xx_anac.o(i.ANAC_ADC_Channel_SetEx) refers to fm33a0xx_anac.o(i.ANAC_ADCCON_ADC_VANA_EN_Set) for ANAC_ADCCON_ADC_VANA_EN_Set
    fm33a0xx_anac.o(i.ANAC_ADC_Channel_SetEx) refers to fm33a0xx_anac.o(i.ANAC_ADCTRIM_Write) for ANAC_ADCTRIM_Write
    fm33a0xx_anac.o(i.ANAC_ADC_Channel_SetEx) refers to fm33a0xx_anac.o(i.ANAC_ADCINSEL_BUFBYP_Setable) for ANAC_ADCINSEL_BUFBYP_Setable
    fm33a0xx_anac.o(i.ANAC_ADC_Channel_SetEx) refers to fm33a0xx_anac.o(i.ANAC_ADCINSEL_BUFEN_Setable) for ANAC_ADCINSEL_BUFEN_Setable
    fm33a0xx_anac.o(i.ANAC_ADC_Channel_SetEx) refers to fm33a0xx_anac.o(i.ANAC_ADCINSEL_BUFSEL_Set) for ANAC_ADCINSEL_BUFSEL_Set
    fm33a0xx_anac.o(i.ANAC_ADC_Init) refers to fm33a0xx_anac.o(i.ANAC_ADCTRIM_Write) for ANAC_ADCTRIM_Write
    fm33a0xx_anac.o(i.ANAC_ADC_Init) refers to fm33a0xx_anac.o(i.ANAC_ADCCON_ADC_VANA_EN_Set) for ANAC_ADCCON_ADC_VANA_EN_Set
    fm33a0xx_anac.o(i.ANAC_ADC_Init) refers to fm33a0xx_anac.o(i.ANAC_ADCINSEL_BUFSEL_Set) for ANAC_ADCINSEL_BUFSEL_Set
    fm33a0xx_anac.o(i.ANAC_ADC_Init) refers to fm33a0xx_anac.o(i.ANAC_ADCINSEL_BUFBYP_Setable) for ANAC_ADCINSEL_BUFBYP_Setable
    fm33a0xx_anac.o(i.ANAC_ADC_Init) refers to fm33a0xx_anac.o(i.ANAC_ADCINSEL_BUFEN_Setable) for ANAC_ADCINSEL_BUFEN_Setable
    fm33a0xx_anac.o(i.ANAC_ADC_Init) refers to fm33a0xx_anac.o(i.ANAC_ADCCON_ADC_IE_Setable) for ANAC_ADCCON_ADC_IE_Setable
    fm33a0xx_anac.o(i.ANAC_ADC_Init) refers to fm33a0xx_anac.o(i.ANAC_ADCCON_ADC_EN_Setable) for ANAC_ADCCON_ADC_EN_Setable
    fm33a0xx_anac.o(i.ANAC_ADC_TemperatureCalc) refers to fflti.o(.text) for __aeabi_i2f
    fm33a0xx_anac.o(i.ANAC_ADC_TemperatureCalc) refers to f2d.o(.text) for __aeabi_f2d
    fm33a0xx_anac.o(i.ANAC_ADC_TemperatureCalc) refers to dmul.o(.text) for __aeabi_dmul
    fm33a0xx_anac.o(i.ANAC_ADC_TemperatureCalc) refers to dflti.o(.text) for __aeabi_ui2d
    fm33a0xx_anac.o(i.ANAC_ADC_TemperatureCalc) refers to daddsub.o(.text) for __aeabi_dadd
    fm33a0xx_anac.o(i.ANAC_ADC_TemperatureCalc) refers to d2f.o(.text) for __aeabi_d2f
    fm33a0xx_anac.o(i.ANAC_ADC_TemperatureCalc) refers to faddsub.o(x$fpl$fsub) for __aeabi_fsub
    fm33a0xx_anac.o(i.ANAC_ADC_TemperatureCalc) refers to flef.o(x$fpl$fleqf) for __aeabi_cfcmple
    fm33a0xx_anac.o(i.ANAC_ADC_TemperatureCalc) refers to fdiv.o(.text) for __aeabi_fdiv
    fm33a0xx_anac.o(i.ANAC_ADC_TemperatureCalc) refers to faddsub.o(x$fpl$fadd) for __aeabi_fadd
    fm33a0xx_anac.o(i.ANAC_ADC_VoltageCalc) refers to flef.o(x$fpl$fleqf) for __aeabi_cfcmple
    fm33a0xx_anac.o(i.ANAC_ADC_VoltageCalc) refers to faddsub.o(x$fpl$fsub) for __aeabi_fsub
    fm33a0xx_anac.o(i.ANAC_ADC_VoltageCalc) refers to fmul.o(x$fpl$fmul) for __aeabi_fmul
    fm33a0xx_anac.o(i.ANAC_ADC_VoltageCalc) refers to dflti.o(.text) for __aeabi_ui2d
    fm33a0xx_anac.o(i.ANAC_ADC_VoltageCalc) refers to ddiv.o(.text) for __aeabi_ddiv
    fm33a0xx_anac.o(i.ANAC_ADC_VoltageCalc) refers to f2d.o(.text) for __aeabi_f2d
    fm33a0xx_anac.o(i.ANAC_ADC_VoltageCalc) refers to dmul.o(.text) for __aeabi_dmul
    fm33a0xx_anac.o(i.ANAC_ADC_VoltageCalc) refers to d2f.o(.text) for __aeabi_d2f
[...]
    ../fplib/cfplib/ddiv.c                   0x00000000   Number         0  ddiv.o ABSOLUTE
    ../fplib/cfplib/dmul.c                   0x00000000   Number         0  dmul.o ABSOLUTE
    ../fplib/cfplib/f2d.c                    0x00000000   Number         0  f2d.o ABSOLUTE
    ../fplib/cfplib/fcmpin.c                 0x00000000   Number         0  fcmpin.o ABSOLUTE
    ../fplib/cfplib/fdiv.c                   0x00000000   Number         0  fdiv.o ABSOLUTE
    ../fplib/cfplib/ffix.c                   0x00000000   Number         0  dfixui.o ABSOLUTE
    ../fplib/cfplib/fflt.c                   0x00000000   Number         0  dflti.o ABSOLUTE
    ../fplib/cfplib/fflt.c                   0x00000000   Number         0  fflti.o ABSOLUTE
    ../fplib/cfplib/fpinit.c                 0x00000000   Number         0  fpinit.o ABSOLUTE
    ../fplib/cfplib/nan2.c                   0x00000000   Number         0  fnan2.o ABSOLUTE
    ../fplib/cfplib/retnan.c                 0x00000000   Number         0  retnan.o ABSOLUTE
    ../fplib/faddsub6m.s                     0x00000000   Number         0  faddsub.o ABSOLUTE
    ../fplib/fleqf6m.s                       0x00000000   Number         0  flef.o ABSOLUTE
    ../fplib/fmul6m.s                        0x00000000   Number         0  fmul.o ABSOLUTE
    ../fplib/frleqf6m.s                      0x00000000   Number         0  frlef.o ABSOLUTE
    ../fplib/usenofp.s                       0x00000000   Number         0  usenofp.o ABSOLUTE
    ..\FreeRTOS\ARM_CM0\port.c               0x00000000   Number         0  port.o ABSOLUTE
    ..\FreeRTOS\MemMang\heap_2.c             0x00000000   Number         0  heap_2.o ABSOLUTE
    ..\FreeRTOS\Source\list.c                0x00000000   Number         0  list.o ABSOLUTE
    ..\FreeRTOS\Source\queue.c               0x00000000   Number         0  queue.o ABSOLUTE
    ..\FreeRTOS\Source\tasks.c               0x00000000   Number         0  tasks.o ABSOLUTE
    ..\FreeRTOS\Source\timers.c              0x00000000   Number         0  timers.o ABSOLUTE
    ..\UserCode\main.c                       0x00000000   Number         0  main.o ABSOLUTE
    ..\UserCode\user_init.c                  0x00000000   Number         0  user_init.o ABSOLUTE
    ..\UserCode\user_task\user_task.c        0x00000000   Number         0  user_task.o ABSOLUTE
    ..\\FreeRTOS\\ARM_CM0\\port.c            0x00000000   Number         0  port.o ABSOLUTE
    ..\\UserCode\\main.c                     0x00000000   Number         0  main.o ABSOLUTE
    ..\\UserCode\\user_init.c                0x00000000   Number         0  user_init.o ABSOLUTE
    ..\\UserCode\\user_task\\user_task.c     0x00000000   Number         0  user_task.o ABSOLUTE
    ..\\fm33a0xx\\Drivers\\fm33a0xx_aes.c    0x00000000   Number         0  fm33a0xx_aes.o ABSOLUTE
    ..\\fm33a0xx\\Drivers\\fm33a0xx_anac.c   0x00000000   Number         0  fm33a0xx_anac.o ABSOLUTE
    ..\\fm33a0xx\\Drivers\\fm33a0xx_btim.c   0x00000000   Number         0  fm33a0xx_btim.o ABSOLUTE
    ..\\fm33a0xx\\Drivers\\fm33a0xx_crc.c    0x00000000   Number         0  fm33a0xx_crc.o ABSOLUTE
    ..\\fm33a0xx\\Drivers\\fm33a0xx_dma.c    0x00000000   Number         0  fm33a0xx_dma.o ABSOLUTE
    ..\\fm33a0xx\\Drivers\\fm33a0xx_etim.c   0x00000000   Number         0  fm33a0xx_etim.o ABSOLUTE
    ..\\fm33a0xx\\Drivers\\fm33a0xx_flash.c  0x00000000   Number         0  fm33a0xx_flash.o ABSOLUTE
    ..\\fm33a0xx\\Drivers\\fm33a0xx_gpio.c   0x00000000   Number         0  fm33a0xx_gpio.o ABSOLUTE
    ..\\fm33a0xx\\Drivers\\fm33a0xx_hspi.c   0x00000000   Number         0  fm33a0xx_hspi.o ABSOLUTE
    ..\\fm33a0xx\\Drivers\\fm33a0xx_i2c.c    0x00000000   Number         0  fm33a0xx_i2c.o ABSOLUTE
    ..\\fm33a0xx\\Drivers\\fm33a0xx_iwdt.c   0x00000000   Number         0  fm33a0xx_iwdt.o ABSOLUTE
    ..\\fm33a0xx\\Drivers\\fm33a0xx_lcd.c    0x00000000   Number         0  fm33a0xx_lcd.o ABSOLUTE
    ..\\fm33a0xx\\Drivers\\fm33a0xx_lptim.c  0x00000000   Number         0  fm33a0xx_lptim.o ABSOLUTE
    ..\\fm33a0xx\\Drivers\\fm33a0xx_pmu.c    0x00000000   Number         0  fm33a0xx_pmu.o ABSOLUTE
    ..\\fm33a0xx\\Drivers\\fm33a0xx_rcc.c    0x00000000   Number         0  fm33a0xx_rcc.o ABSOLUTE
    ..\\fm33a0xx\\Drivers\\fm33a0xx_rtc.c    0x00000000   Number         0  fm33a0xx_rtc.o ABSOLUTE
    ..\\fm33a0xx\\Drivers\\fm33a0xx_scu.c    0x00000000   Number         0  fm33a0xx_scu.o ABSOLUTE
    ..\\fm33a0xx\\Drivers\\fm33a0xx_spi.c    0x00000000   Number         0  fm33a0xx_spi.o ABSOLUTE
    ..\\fm33a0xx\\Drivers\\fm33a0xx_trng.c   0x00000000   Number         0  fm33a0xx_trng.o ABSOLUTE
    ..\\fm33a0xx\\Drivers\\fm33a0xx_u7816.c  0x00000000   Number         0  fm33a0xx_u7816.o ABSOLUTE
    ..\\fm33a0xx\\Drivers\\fm33a0xx_uart.c   0x00000000   Number         0  fm33a0xx_uart.o ABSOLUTE
    ..\\fm33a0xx\\Drivers\\fm33a0xx_wwdt.c   0x00000000   Number         0  fm33a0xx_wwdt.o ABSOLUTE
    ..\fm33a0xx\Drivers\fm33a0xx_aes.c       0x00000000   Number         0  fm33a0xx_aes.o ABSOLUTE
    ..\fm33a0xx\Drivers\fm33a0xx_anac.c      0x00000000   Number         0  fm33a0xx_anac.o ABSOLUTE
    ..\fm33a0xx\Drivers\fm33a0xx_btim.c      0x00000000   Number         0  fm33a0xx_btim.o ABSOLUTE
    ..\fm33a0xx\Drivers\fm33a0xx_crc.c       0x00000000   Number         0  fm33a0xx_crc.o ABSOLUTE
    ..\fm33a0xx\Drivers\fm33a0xx_dma.c       0x00000000   Number         0  fm33a0xx_dma.o ABSOLUTE
    ..\fm33a0xx\Drivers\fm33a0xx_etim.c      0x00000000   Number         0  fm33a0xx_etim.o ABSOLUTE
    ..\fm33a0xx\Drivers\fm33a0xx_flash.c     0x00000000   Number         0  fm33a0xx_flash.o ABSOLUTE
    ..\fm33a0xx\Drivers\fm33a0xx_gpio.c      0x00000000   Number         0  fm33a0xx_gpio.o ABSOLUTE
    ..\fm33a0xx\Drivers\fm33a0xx_hspi.c      0x00000000   Number         0  fm33a0xx_hspi.o ABSOLUTE
    ..\fm33a0xx\Drivers\fm33a0xx_i2c.c       0x00000000   Number         0  fm33a0xx_i2c.o ABSOLUTE
    ..\fm33a0xx\Drivers\fm33a0xx_iwdt.c      0x00000000   Number         0  fm33a0xx_iwdt.o ABSOLUTE
    ..\fm33a0xx\Drivers\fm33a0xx_lcd.c       0x00000000   Number         0  fm33a0xx_lcd.o ABSOLUTE
    ..\fm33a0xx\Drivers\fm33a0xx_lptim.c     0x00000000   Number         0  fm33a0xx_lptim.o ABSOLUTE
    ..\fm33a0xx\Drivers\fm33a0xx_pmu.c       0x00000000   Number         0  fm33a0xx_pmu.o ABSOLUTE
    ..\fm33a0xx\Drivers\fm33a0xx_rcc.c       0x00000000   Number         0  fm33a0xx_rcc.o ABSOLUTE
    ..\fm33a0xx\Drivers\fm33a0xx_rtc.c       0x00000000   Number         0  fm33a0xx_rtc.o ABSOLUTE
    ..\fm33a0xx\Drivers\fm33a0xx_scu.c       0x00000000   Number         0  fm33a0xx_scu.o ABSOLUTE
    ..\fm33a0xx\Drivers\fm33a0xx_spi.c       0x00000000   Number         0  fm33a0xx_spi.o ABSOLUTE
    ..\fm33a0xx\Drivers\fm33a0xx_trng.c      0x00000000   Number         0  fm33a0xx_trng.o ABSOLUTE
    ..\fm33a0xx\Drivers\fm33a0xx_u7816.c     0x00000000   Number         0  fm33a0xx_u7816.o ABSOLUTE
    ..\fm33a0xx\Drivers\fm33a0xx_uart.c      0x00000000   Number         0  fm33a0xx_uart.o ABSOLUTE
    ..\fm33a0xx\Drivers\fm33a0xx_wwdt.c      0x00000000   Number         0  fm33a0xx_wwdt.o ABSOLUTE
    RTE\Device\FM33A03XX\startup_FM33A0XX.s  0x00000000   Number         0  startup_fm33a0xx.o ABSOLUTE
    RTE\Device\FM33A03XX\system_FM33A0XX.c   0x00000000   Number         0  system_fm33a0xx.o ABSOLUTE
    RTE\\Device\\FM33A03XX\\system_FM33A0XX.c 0x00000000   Number         0  system_fm33a0xx.o ABSOLUTE
    dc.s                                     0x00000000   Number         0  dc.o ABSOLUTE
    !!!main                                  0x000000c0   Section        8  __main.o(!!!main)
    !!!scatter                               0x000000c8   Section       60  __scatter.o(!!!scatter)
    !!handler_copy                           0x00000104   Section       26  __scatter_copy.o(!!handler_copy)
    !!handler_zi                             0x00000120   Section       28  __scatter_zi.o(!!handler_zi)
    .ARM.Collect$$libinit$$00000000          0x0000013c   Section        2  libinit.o(.ARM.Collect$$libinit$$00000000)
    .ARM.Collect$$libinit$$00000002          0x0000013e   Section        0  libinit2.o(.ARM.Collect$$libinit$$00000002)
    .ARM.Collect$$libinit$$00000004          0x0000013e   Section        0  libinit2.o(.ARM.Collect$$libinit$$00000004)
    .ARM.Collect$$libinit$$0000000A          0x0000013e   Section        0  libinit2.o(.ARM.Collect$$libinit$$0000000A)
    .ARM.Collect$$libinit$$0000000C          0x0000013e   Section        0  libinit2.o(.ARM.Collect$$libinit$$0000000C)
    .ARM.Collect$$libinit$$0000000E          0x0000013e   Section        0  libinit2.o(.ARM.Collect$$libinit$$0000000E)
    .ARM.Collect$$libinit$$00000011          0x0000013e   Section        0  libinit2.o(.ARM.Collect$$libinit$$00000011)
    .ARM.Collect$$libinit$$00000013          0x0000013e   Section        0  libinit2.o(.ARM.Collect$$libinit$$00000013)
    .ARM.Collect$$libinit$$00000015          0x0000013e   Section        0  libinit2.o(.ARM.Collect$$libinit$$00000015)
    .ARM.Collect$$libinit$$00000017          0x0000013e   Section        0  libinit2.o(.ARM.Collect$$libinit$$00000017)
    .ARM.Collect$$libinit$$00000019          0x0000013e   Section        0  libinit2.o(.ARM.Collect$$libinit$$00000019)
    .ARM.Collect$$libinit$$0000001B          0x0000013e   Section        0  libinit2.o(.ARM.Collect$$libinit$$0000001B)
    .ARM.Collect$$libinit$$0000001D          0x0000013e   Section        0  libinit2.o(.ARM.Collect$$libinit$$0000001D)
    .ARM.Collect$$libinit$$0000001F          0x0000013e   Section        0  libinit2.o(.ARM.Collect$$libinit$$0000001F)
    .ARM.Collect$$libinit$$00000021          0x0000013e   Section        0  libinit2.o(.ARM.Collect$$libinit$$00000021)
    .ARM.Collect$$libinit$$00000023          0x0000013e   Section        0  libinit2.o(.ARM.Collect$$libinit$$00000023)
    .ARM.Collect$$libinit$$00000025          0x0000013e   Section        0  libinit2.o(.ARM.Collect$$libinit$$00000025)
    .ARM.Collect$$libinit$$0000002C          0x0000013e   Section        0  libinit2.o(.ARM.Collect$$libinit$$0000002C)
    .ARM.Collect$$libinit$$0000002E          0x0000013e   Section        0  libinit2.o(.ARM.Collect$$libinit$$0000002E)
    .ARM.Collect$$libinit$$00000030          0x0000013e   Section        0  libinit2.o(.ARM.Collect$$libinit$$00000030)
    .ARM.Collect$$libinit$$00000032          0x0000013e   Section        0  libinit2.o(.ARM.Collect$$libinit$$00000032)
    .ARM.Collect$$libinit$$00000033          0x0000013e   Section        2  libinit2.o(.ARM.Collect$$libinit$$00000033)
    .ARM.Collect$$libshutdown$$00000000      0x00000140   Section        2  libshutdown.o(.ARM.Collect$$libshutdown$$00000000)
    .ARM.Collect$$libshutdown$$00000002      0x00000142   Section        0  libshutdown2.o(.ARM.Collect$$libshutdown$$00000002)
    .ARM.Collect$$libshutdown$$00000004      0x00000142   Section        0  libshutdown2.o(.ARM.Collect$$libshutdown$$00000004)
    .ARM.Collect$$libshutdown$$00000007      0x00000142   Section        0  libshutdown2.o(.ARM.Collect$$libshutdown$$00000007)
    .ARM.Collect$$libshutdown$$0000000A      0x00000142   Section        0  libshutdown2.o(.ARM.Collect$$libshutdown$$0000000A)
    .ARM.Collect$$libshutdown$$0000000C      0x00000142   Section        0  libshutdown2.o(.ARM.Collect$$libshutdown$$0000000C)
    .ARM.Collect$$libshutdown$$0000000F      0x00000142   Section        0  libshutdown2.o(.ARM.Collect$$libshutdown$$0000000F)
    .ARM.Collect$$libshutdown$$00000010      0x00000142   Section        2  libshutdown2.o(.ARM.Collect$$libshutdown$$00000010)
    .ARM.Collect$$rtentry$$00000000          0x00000144   Section        0  __rtentry.o(.ARM.Collect$$rtentry$$00000000)
    .ARM.Collect$$rtentry$$00000002          0x00000144   Section        0  __rtentry2.o(.ARM.Collect$$rtentry$$00000002)
    .ARM.Collect$$rtentry$$00000004          0x00000144   Section        6  __rtentry4.o(.ARM.Collect$$rtentry$$00000004)
    .ARM.Collect$$rtentry$$00000009          0x0000014a   Section        0  __rtentry2.o(.ARM.Collect$$rtentry$$00000009)
    .ARM.Collect$$rtentry$$0000000A          0x0000014a   Section        4  __rtentry2.o(.ARM.Collect$$rtentry$$0000000A)
    .ARM.Collect$$rtentry$$0000000C          0x0000014e   Section        0  __rtentry2.o(.ARM.Collect$$rtentry$$0000000C)
    .ARM.Collect$$rtentry$$0000000D          0x0000014e   Section        8  __rtentry2.o(.ARM.Collect$$rtentry$$0000000D)
    .ARM.Collect$$rtexit$$00000000           0x00000156   Section        2  rtexit.o(.ARM.Collect$$rtexit$$00000000)
    .ARM.Collect$$rtexit$$00000002           0x00000158   Section        0  rtexit2.o(.ARM.Collect$$rtexit$$00000002)
    .ARM.Collect$$rtexit$$00000003           0x00000158   Section        4  rtexit2.o(.ARM.Collect$$rtexit$$00000003)
    .ARM.Collect$$rtexit$$00000004           0x0000015c   Section        6  rtexit2.o(.ARM.Collect$$rtexit$$00000004)
    .emb_text                                0x00000164   Section      120  port.o(.emb_text)
    .emb_text                                0x000001dc   Section       56  rt_memcpy.o(.emb_text)
    .text                                    0x00000214   Section       56  startup_fm33a0xx.o(.text)
    .text                                    0x0000024c   Section        0  rt_memcpy.o(.text)
    .text                                    0x000002ce   Section        0  aeabi_memset.o(.text)
    .text                                    0x000002e0   Section      346  aeabi_sdiv.o(.text)
    .text                                    0x0000043a   Section        0  heapauxi.o(.text)
    .text                                    0x00000440   Section        0  rt_memclr.o(.text)
    .text                                    0x00000480   Section       62  sys_stackheap_outer.o(.text)
    .text                                    0x000004be   Section        0  exit.o(.text)
    .text                                    0x000004d0   Section        8  libspace.o(.text)
    .text                                    0x000004d8   Section        0  sys_exit.o(.text)
    .text                                    0x000004e4   Section        2  use_no_semi.o(.text)
    .text                                    0x000004e6   Section        0  indicate_semi.o(.text)
    i.ANAC_PDRCON_PDRCFG_Set                 0x000004e8   Section        0  fm33a0xx_anac.o(i.ANAC_PDRCON_PDRCFG_Set)
    i.ANAC_PDRCON_PDREN_Setable              0x00000508   Section        0  fm33a0xx_anac.o(i.ANAC_PDRCON_PDREN_Setable)
    i.AltFunIO                               0x0000052c   Section        0  user_init.o(i.AltFunIO)
    i.CheckSysReg                            0x000005d2   Section        0  user_init.o(i.CheckSysReg)
    i.Close_AllIOEXTI                        0x000005e4   Section        0  user_init.o(i.Close_AllIOEXTI)
    i.Close_AllIO_GPIO_80pin                 0x0000060c   Section        0  user_init.o(i.Close_AllIO_GPIO_80pin)
    i.Close_None_GPIO_80pin                  0x00000928   Section        0  user_init.o(i.Close_None_GPIO_80pin)
    i.CloseeIO                               0x00000af0   Section        0  user_init.o(i.CloseeIO)
    i.FLASH_FLSRDCON_WAIT_Set                0x00000b30   Section        0  fm33a0xx_flash.o(i.FLASH_FLSRDCON_WAIT_Set)
    i.GPIO_ANASEL_PC12ANS_Set                0x00000b4c   Section        0  fm33a0xx_gpio.o(i.GPIO_ANASEL_PC12ANS_Set)
    i.GPIO_ANASEL_PC13ANS_Set                0x00000b68   Section        0  fm33a0xx_gpio.o(i.GPIO_ANASEL_PC13ANS_Set)
    i.GPIO_ANASEL_PC14ANS_Set                0x00000b88   Section        0  fm33a0xx_gpio.o(i.GPIO_ANASEL_PC14ANS_Set)
    i.GPIO_ANASEL_PC15ANS_Set                0x00000ba8   Section        0  fm33a0xx_gpio.o(i.GPIO_ANASEL_PC15ANS_Set)
    i.GPIO_ANASEL_PE3ANS_Set                 0x00000bc8   Section        0  fm33a0xx_gpio.o(i.GPIO_ANASEL_PE3ANS_Set)
    i.GPIO_ANASEL_PE4ANS_Set                 0x00000be8   Section        0  fm33a0xx_gpio.o(i.GPIO_ANASEL_PE4ANS_Set)
    i.GPIO_FOUTSEL_FOUTSEL_Set               0x00000c08   Section        0  fm33a0xx_gpio.o(i.GPIO_FOUTSEL_FOUTSEL_Set)
    i.GPIO_Get_InitPara                      0x00000c24   Section        0  fm33a0xx_gpio.o(i.GPIO_Get_InitPara)
    i.GPIO_HDSEL_PE2HDEN_Setable             0x00000cb8   Section        0  fm33a0xx_gpio.o(i.GPIO_HDSEL_PE2HDEN_Setable)
    i.GPIO_HDSEL_PG6HDEN_Setable             0x00000cdc   Section        0  fm33a0xx_gpio.o(i.GPIO_HDSEL_PG6HDEN_Setable)
    i.GPIO_IODF_SetableEx                    0x00000d00   Section        0  fm33a0xx_gpio.o(i.GPIO_IODF_SetableEx)
    i.GPIO_Init                              0x00000d28   Section        0  fm33a0xx_gpio.o(i.GPIO_Init)
    i.GPIO_PINWKEN_SetableEx                 0x00000d9c   Section        0  fm33a0xx_gpio.o(i.GPIO_PINWKEN_SetableEx)
    i.GPIO_ResetBits                         0x00000dbc   Section        0  fm33a0xx_gpio.o(i.GPIO_ResetBits)
    i.GPIO_SetBits                           0x00000dc0   Section        0  fm33a0xx_gpio.o(i.GPIO_SetBits)
    i.GPIOx_DO_Write                         0x00000dc4   Section        0  fm33a0xx_gpio.o(i.GPIOx_DO_Write)
    i.IO_AnalogFunSet                        0x00000dca   Section        0  user_init.o(i.IO_AnalogFunSet)
    i.IO_DFFunSet                            0x00000df2   Section        0  user_init.o(i.IO_DFFunSet)
    i.IO_WKENFunSet                          0x00000ed6   Section        0  user_init.o(i.IO_WKENFunSet)
    i.IWDT_Clr                               0x00000f1c   Section        0  fm33a0xx_iwdt.o(i.IWDT_Clr)
    i.IWDT_IWDTCFG_IWDTOVP_Set               0x00000f2c   Section        0  fm33a0xx_iwdt.o(i.IWDT_IWDTCFG_IWDTOVP_Set)
    i.IWDT_IWDTCFG_IWDTSLP4096S_Setable      0x00000f48   Section        0  fm33a0xx_iwdt.o(i.IWDT_IWDTCFG_IWDTSLP4096S_Setable)
    i.IWDT_Init                              0x00000f6c   Section        0  user_init.o(i.IWDT_Init)
    i.Init_IO                                0x00000f8c   Section        0  user_init.o(i.Init_IO)
    i.Init_PLL                               0x00000fb4   Section        0  user_init.o(i.Init_PLL)
    i.Init_Pad_Io                            0x00000fd4   Section        0  user_init.o(i.Init_Pad_Io)
    i.Init_RCC_PERIPH_clk                    0x00001020   Section        0  user_init.o(i.Init_RCC_PERIPH_clk)
    i.Init_SysClk                            0x000011b8   Section        0  user_init.o(i.Init_SysClk)
    i.Init_SysClk_Gen                        0x000011e8   Section        0  user_init.o(i.Init_SysClk_Gen)
    i.Init_SysTick                           0x00001218   Section        0  user_init.o(i.Init_SysTick)
    i.Init_System                            0x00001250   Section        0  user_init.o(i.Init_System)
    i.NVIC_SetPriority                       0x0000129c   Section        0  user_init.o(i.NVIC_SetPriority)
    NVIC_SetPriority                         0x0000129d   Thumb Code   110  user_init.o(i.NVIC_SetPriority)
    i.OutputIO                               0x00001314   Section        0  user_init.o(i.OutputIO)
    i.RCC_Init_RCHF_Trim                     0x00001388   Section        0  fm33a0xx_rcc.o(i.RCC_Init_RCHF_Trim)
    i.RCC_MPRIL_MPRIL_Set                    0x000013e0   Section        0  fm33a0xx_rcc.o(i.RCC_MPRIL_MPRIL_Set)
    i.RCC_PERCLK_SetableEx                   0x000013fc   Section        0  fm33a0xx_rcc.o(i.RCC_PERCLK_SetableEx)
    i.RCC_PLLCON_PLLDB_Set                   0x00001464   Section        0  fm33a0xx_rcc.o(i.RCC_PLLCON_PLLDB_Set)
    i.RCC_PLLCON_PLLEN_Setable               0x00001484   Section        0  fm33a0xx_rcc.o(i.RCC_PLLCON_PLLEN_Setable)
    i.RCC_PLLCON_PLLINSEL_Set                0x000014a8   Section        0  fm33a0xx_rcc.o(i.RCC_PLLCON_PLLINSEL_Set)
    i.RCC_PLLCON_PLLOSEL_Set                 0x000014c8   Section        0  fm33a0xx_rcc.o(i.RCC_PLLCON_PLLOSEL_Set)
    i.RCC_PLLDB_WriteEx                      0x000014e8   Section        0  fm33a0xx_rcc.o(i.RCC_PLLDB_WriteEx)
    i.RCC_PLL_Init                           0x000014f4   Section        0  fm33a0xx_rcc.o(i.RCC_PLL_Init)
    i.RCC_RCHFCON_FSEL_Set                   0x00001514   Section        0  fm33a0xx_rcc.o(i.RCC_RCHFCON_FSEL_Set)
    i.RCC_RCHFCON_RCHFEN_Setable             0x00001534   Section        0  fm33a0xx_rcc.o(i.RCC_RCHFCON_RCHFEN_Setable)
    i.RCC_RCHFTRIM_Write                     0x00001558   Section        0  fm33a0xx_rcc.o(i.RCC_RCHFTRIM_Write)
    i.RCC_RCHF_Init                          0x00001568   Section        0  fm33a0xx_rcc.o(i.RCC_RCHF_Init)
    i.RCC_SYSCLKSEL_AHBPRES_Set              0x0000157c   Section        0  fm33a0xx_rcc.o(i.RCC_SYSCLKSEL_AHBPRES_Set)
    i.RCC_SYSCLKSEL_APBPRES_Set              0x0000159c   Section        0  fm33a0xx_rcc.o(i.RCC_SYSCLKSEL_APBPRES_Set)
    i.RCC_SYSCLKSEL_EXTICKSEL_Set            0x000015bc   Section        0  fm33a0xx_rcc.o(i.RCC_SYSCLKSEL_EXTICKSEL_Set)
    i.RCC_SYSCLKSEL_LPM_RCLP_OFF_Setable     0x000015dc   Section        0  fm33a0xx_rcc.o(i.RCC_SYSCLKSEL_LPM_RCLP_OFF_Setable)
    i.RCC_SYSCLKSEL_SLP_ENEXTI_Setable       0x00001600   Section        0  fm33a0xx_rcc.o(i.RCC_SYSCLKSEL_SLP_ENEXTI_Setable)
    i.RCC_SYSCLKSEL_SYSCLKSEL_Set            0x00001628   Section        0  fm33a0xx_rcc.o(i.RCC_SYSCLKSEL_SYSCLKSEL_Set)
    i.RCC_SysClk_Init                        0x00001644   Section        0  fm33a0xx_rcc.o(i.RCC_SysClk_Init)
    i.SCU_Init                               0x0000166e   Section        0  user_init.o(i.SCU_Init)
    i.SCU_MCUDBGCR_DBG_BT1_STOP_Setable      0x000016b4   Section        0  fm33a0xx_scu.o(i.SCU_MCUDBGCR_DBG_BT1_STOP_Setable)
    i.SCU_MCUDBGCR_DBG_BT2_STOP_Setable      0x000016d8   Section        0  fm33a0xx_scu.o(i.SCU_MCUDBGCR_DBG_BT2_STOP_Setable)
    i.SCU_MCUDBGCR_DBG_ET1_STOP_Setable      0x000016fc   Section        0  fm33a0xx_scu.o(i.SCU_MCUDBGCR_DBG_ET1_STOP_Setable)
    i.SCU_MCUDBGCR_DBG_ET2_STOP_Setable      0x00001720   Section        0  fm33a0xx_scu.o(i.SCU_MCUDBGCR_DBG_ET2_STOP_Setable)
    i.SCU_MCUDBGCR_DBG_ET3_STOP_Setable      0x00001744   Section        0  fm33a0xx_scu.o(i.SCU_MCUDBGCR_DBG_ET3_STOP_Setable)
    i.SCU_MCUDBGCR_DBG_ET4_STOP_Setable      0x00001768   Section        0  fm33a0xx_scu.o(i.SCU_MCUDBGCR_DBG_ET4_STOP_Setable)
    i.SCU_MCUDBGCR_DBG_IWDT_STOP_Setable     0x0000178c   Section        0  fm33a0xx_scu.o(i.SCU_MCUDBGCR_DBG_IWDT_STOP_Setable)
    i.SCU_MCUDBGCR_DBG_WWDT_STOP_Setable     0x000017b0   Section        0  fm33a0xx_scu.o(i.SCU_MCUDBGCR_DBG_WWDT_STOP_Setable)
    i.SysTick_Handler                        0x000017d4   Section        0  port.o(i.SysTick_Handler)
    i.SystemInit                             0x000017f8   Section        0  system_fm33a0xx.o(i.SystemInit)
    i.TASK_LED1_Blinky                       0x00001808   Section        0  user_task.o(i.TASK_LED1_Blinky)
    i.TASK_LED2_Blinky                       0x00001838   Section        0  user_task.o(i.TASK_LED2_Blinky)
    i.TicksDelay                             0x00001864   Section        0  user_init.o(i.TicksDelay)
    i.TicksDelayMs                           0x0000188c   Section        0  user_init.o(i.TicksDelayMs)
    i.__ARM_common_switch8                   0x000018b4   Section        0  fm33a0xx_anac.o(i.__ARM_common_switch8)
    i.main                                   0x000018d0   Section        0  main.o(i.main)
    i.prvAddCurrentTaskToDelayedList         0x00001924   Section        0  tasks.o(i.prvAddCurrentTaskToDelayedList)
    prvAddCurrentTaskToDelayedList           0x00001925   Thumb Code   100  tasks.o(i.prvAddCurrentTaskToDelayedList)
    i.prvAddNewTaskToReadyList               0x000019a0   Section        0  tasks.o(i.prvAddNewTaskToReadyList)
    prvAddNewTaskToReadyList                 0x000019a1   Thumb Code   146  tasks.o(i.prvAddNewTaskToReadyList)
    i.prvCheckForValidListAndQueue           0x00001a4c   Section        0  timers.o(i.prvCheckForValidListAndQueue)
    prvCheckForValidListAndQueue             0x00001a4d   Thumb Code    76  timers.o(i.prvCheckForValidListAndQueue)
    i.prvCheckTasksWaitingTermination        0x00001ab4   Section        0  tasks.o(i.prvCheckTasksWaitingTermination)
    prvCheckTasksWaitingTermination          0x00001ab5   Thumb Code    60  tasks.o(i.prvCheckTasksWaitingTermination)
    i.prvCopyDataFromQueue                   0x00001afc   Section        0  queue.o(i.prvCopyDataFromQueue)
    prvCopyDataFromQueue                     0x00001afd   Thumb Code    44  queue.o(i.prvCopyDataFromQueue)
    i.prvCopyDataToQueue                     0x00001b28   Section        0  queue.o(i.prvCopyDataToQueue)
    prvCopyDataToQueue                       0x00001b29   Thumb Code   128  queue.o(i.prvCopyDataToQueue)
    i.prvDeleteTCB                           0x00001ba8   Section        0  tasks.o(i.prvDeleteTCB)
    prvDeleteTCB                             0x00001ba9   Thumb Code    18  tasks.o(i.prvDeleteTCB)
    i.prvGetNextExpireTime                   0x00001bbc   Section        0  timers.o(i.prvGetNextExpireTime)
    prvGetNextExpireTime                     0x00001bbd   Thumb Code    40  timers.o(i.prvGetNextExpireTime)
    i.prvHeapInit                            0x00001be8   Section        0  heap_2.o(i.prvHeapInit)
    prvHeapInit                              0x00001be9   Thumb Code    38  heap_2.o(i.prvHeapInit)
    i.prvIdleTask                            0x00001c20   Section        0  tasks.o(i.prvIdleTask)
    prvIdleTask                              0x00001c21   Thumb Code    20  tasks.o(i.prvIdleTask)
    i.prvInitialiseNewQueue                  0x00001c38   Section        0  queue.o(i.prvInitialiseNewQueue)
    prvInitialiseNewQueue                    0x00001c39   Thumb Code    48  queue.o(i.prvInitialiseNewQueue)
    i.prvInitialiseNewTask                   0x00001c68   Section        0  tasks.o(i.prvInitialiseNewTask)
    prvInitialiseNewTask                     0x00001c69   Thumb Code   176  tasks.o(i.prvInitialiseNewTask)
    i.prvInitialiseTaskLists                 0x00001d18   Section        0  tasks.o(i.prvInitialiseTaskLists)
    prvInitialiseTaskLists                   0x00001d19   Thumb Code    68  tasks.o(i.prvInitialiseTaskLists)
    i.prvInsertTimerInActiveList             0x00001d7c   Section        0  timers.o(i.prvInsertTimerInActiveList)
    prvInsertTimerInActiveList               0x00001d7d   Thumb Code    76  timers.o(i.prvInsertTimerInActiveList)
    i.prvIsQueueEmpty                        0x00001dd0   Section        0  queue.o(i.prvIsQueueEmpty)
    prvIsQueueEmpty                          0x00001dd1   Thumb Code    28  queue.o(i.prvIsQueueEmpty)
    i.prvIsQueueFull                         0x00001dec   Section        0  queue.o(i.prvIsQueueFull)
    prvIsQueueFull                           0x00001ded   Thumb Code    30  queue.o(i.prvIsQueueFull)
    i.prvNotifyQueueSetContainer             0x00001e0a   Section        0  queue.o(i.prvNotifyQueueSetContainer)
    prvNotifyQueueSetContainer               0x00001e0b   Thumb Code   122  queue.o(i.prvNotifyQueueSetContainer)
    i.prvProcessExpiredTimer                 0x00001e84   Section        0  timers.o(i.prvProcessExpiredTimer)
    prvProcessExpiredTimer                   0x00001e85   Thumb Code    82  timers.o(i.prvProcessExpiredTimer)
    i.prvProcessReceivedCommands             0x00001edc   Section        0  timers.o(i.prvProcessReceivedCommands)
    prvProcessReceivedCommands               0x00001edd   Thumb Code   220  timers.o(i.prvProcessReceivedCommands)
    i.prvProcessTimerOrBlockTask             0x00001fbc   Section        0  timers.o(i.prvProcessTimerOrBlockTask)
    prvProcessTimerOrBlockTask               0x00001fbd   Thumb Code   100  timers.o(i.prvProcessTimerOrBlockTask)
    i.prvResetNextTaskUnblockTime            0x00002028   Section        0  tasks.o(i.prvResetNextTaskUnblockTime)
    prvResetNextTaskUnblockTime              0x00002029   Thumb Code    46  tasks.o(i.prvResetNextTaskUnblockTime)
    i.prvSampleTimeNow                       0x00002060   Section        0  timers.o(i.prvSampleTimeNow)
    prvSampleTimeNow                         0x00002061   Thumb Code    40  timers.o(i.prvSampleTimeNow)
    i.prvSetupTimerInterrupt                 0x0000208c   Section        0  port.o(i.prvSetupTimerInterrupt)
    prvSetupTimerInterrupt                   0x0000208d   Thumb Code    34  port.o(i.prvSetupTimerInterrupt)
    i.prvSwitchTimerLists                    0x000020b8   Section        0  timers.o(i.prvSwitchTimerLists)
    prvSwitchTimerLists                      0x000020b9   Thumb Code   134  timers.o(i.prvSwitchTimerLists)
    i.prvTaskExitError                       0x00002148   Section        0  port.o(i.prvTaskExitError)
    prvTaskExitError                         0x00002149   Thumb Code    32  port.o(i.prvTaskExitError)
    i.prvTimerTask                           0x0000216c   Section        0  timers.o(i.prvTimerTask)
    prvTimerTask                             0x0000216d   Thumb Code    26  timers.o(i.prvTimerTask)
    i.prvUnlockQueue                         0x00002186   Section        0  queue.o(i.prvUnlockQueue)
    prvUnlockQueue                           0x00002187   Thumb Code   166  queue.o(i.prvUnlockQueue)
    i.pvPortMalloc                           0x0000222c   Section        0  heap_2.o(i.pvPortMalloc)
    i.pxPortInitialiseStack                  0x000022f0   Section        0  port.o(i.pxPortInitialiseStack)
    i.uxListRemove                           0x00002310   Section        0  list.o(i.uxListRemove)
    i.vApplicationMallocFailedHook           0x00002338   Section        0  main.o(i.vApplicationMallocFailedHook)
    i.vApplicationStackOverflowHook          0x0000233e   Section        0  main.o(i.vApplicationStackOverflowHook)
    i.vApplicationTickHook                   0x00002344   Section        0  main.o(i.vApplicationTickHook)
    i.vListInitialise                        0x00002346   Section        0  list.o(i.vListInitialise)
    i.vListInitialiseItem                    0x00002360   Section        0  list.o(i.vListInitialiseItem)
    i.vListInsert                            0x00002366   Section        0  list.o(i.vListInsert)
    i.vListInsertEnd                         0x0000239c   Section        0  list.o(i.vListInsertEnd)
    i.vPortEnterCritical                     0x000023b4   Section        0  port.o(i.vPortEnterCritical)
    i.vPortExitCritical                      0x000023d0   Section        0  port.o(i.vPortExitCritical)
    i.vPortFree                              0x000023f8   Section        0  heap_2.o(i.vPortFree)
    i.vPortYield                             0x0000243c   Section        0  port.o(i.vPortYield)
    i.vQueueAddToRegistry                    0x00002454   Section        0  queue.o(i.vQueueAddToRegistry)
    i.vQueueWaitForMessageRestricted         0x00002480   Section        0  queue.o(i.vQueueWaitForMessageRestricted)
    i.vTaskInternalSetTimeOutState           0x000024cc   Section        0  tasks.o(i.vTaskInternalSetTimeOutState)
    i.vTaskMissedYield                       0x000024e4   Section        0  tasks.o(i.vTaskMissedYield)
    i.vTaskPlaceOnEventList                  0x000024f0   Section        0  tasks.o(i.vTaskPlaceOnEventList)
    i.vTaskPlaceOnEventListRestricted        0x0000251c   Section        0  tasks.o(i.vTaskPlaceOnEventListRestricted)
    i.vTaskStartScheduler                    0x00002550   Section        0  tasks.o(i.vTaskStartScheduler)
    i.vTaskSuspendAll                        0x000025c8   Section        0  tasks.o(i.vTaskSuspendAll)
    i.vTaskSwitchContext                     0x000025d8   Section        0  tasks.o(i.vTaskSwitchContext)
    i.xPortStartScheduler                    0x0000268c   Section        0  port.o(i.xPortStartScheduler)
    i.xQueueGenericCreate                    0x000026c4   Section        0  queue.o(i.xQueueGenericCreate)
    i.xQueueGenericReset                     0x00002714   Section        0  queue.o(i.xQueueGenericReset)
    i.xQueueGenericSend                      0x00002796   Section        0  queue.o(i.xQueueGenericSend)
    i.xQueueGenericSendFromISR               0x00002908   Section        0  queue.o(i.xQueueGenericSendFromISR)
    i.xQueueReceive                          0x000029e0   Section        0  queue.o(i.xQueueReceive)
    i.xTaskCheckForTimeOut                   0x00002b18   Section        0  tasks.o(i.xTaskCheckForTimeOut)
    i.xTaskCreate                            0x00002b8c   Section        0  tasks.o(i.xTaskCreate)
    i.xTaskGetSchedulerState                 0x00002be8   Section        0  tasks.o(i.xTaskGetSchedulerState)
    i.xTaskGetTickCount                      0x00002c0c   Section        0  tasks.o(i.xTaskGetTickCount)
    i.xTaskIncrementTick                     0x00002c18   Section        0  tasks.o(i.xTaskIncrementTick)
    i.xTaskPriorityDisinherit                0x00002d64   Section        0  tasks.o(i.xTaskPriorityDisinherit)
    i.xTaskRemoveFromEventList               0x00002dec   Section        0  tasks.o(i.xTaskRemoveFromEventList)
    i.xTaskResumeAll                         0x00002e74   Section        0  tasks.o(i.xTaskResumeAll)
    i.xTimerCreateTimerTask                  0x00002f64   Section        0  timers.o(i.xTimerCreateTimerTask)
    i.xTimerGenericCommand                   0x00002fac   Section        0  timers.o(i.xTimerGenericCommand)
    .data                                    0x20000000   Section       60  tasks.o(.data)
    pxDelayedTaskList                        0x20000004   Data           4  tasks.o(.data)
    pxOverflowDelayedTaskList                0x20000008   Data           4  tasks.o(.data)
    uxDeletedTasksWaitingCleanUp             0x2000000c   Data           4  tasks.o(.data)
    uxCurrentNumberOfTasks                   0x20000010   Data           4  tasks.o(.data)
    xTickCount                               0x20000014   Data           4  tasks.o(.data)
    uxTopReadyPriority                       0x20000018   Data           4  tasks.o(.data)
    xSchedulerRunning                        0x2000001c   Data           4  tasks.o(.data)
    uxPendedTicks                            0x20000020   Data           4  tasks.o(.data)
    xYieldPending                            0x20000024   Data           4  tasks.o(.data)
    xNumOfOverflows                          0x20000028   Data           4  tasks.o(.data)
    uxTaskNumber                             0x2000002c   Data           4  tasks.o(.data)
    xNextTaskUnblockTime                     0x20000030   Data           4  tasks.o(.data)
    xIdleTaskHandle                          0x20000034   Data           4  tasks.o(.data)
    uxSchedulerSuspended                     0x20000038   Data           4  tasks.o(.data)
    .data                                    0x2000003c   Section        4  port.o(.data)
    uxCriticalNesting                        0x2000003c   Data           4  port.o(.data)
    .data                                    0x20000040   Section       24  heap_2.o(.data)
    xStart                                   0x20000040   Data           8  heap_2.o(.data)
    xEnd                                     0x20000048   Data           8  heap_2.o(.data)
    xFreeBytesRemaining                      0x20000050   Data           4  heap_2.o(.data)
    xHeapHasBeenInitialised                  0x20000054   Data           4  heap_2.o(.data)
    .data                                    0x20000058   Section       20  timers.o(.data)
    pxCurrentTimerList                       0x20000058   Data           4  timers.o(.data)
    pxOverflowTimerList                      0x2000005c   Data           4  timers.o(.data)
    xTimerQueue                              0x20000060   Data           4  timers.o(.data)
    xTimerTaskHandle                         0x20000064   Data           4  timers.o(.data)
    xLastTime                                0x20000068   Data           4  timers.o(.data)
    .data                                    0x2000006c   Section        4  system_fm33a0xx.o(.data)
    .bss                                     0x20000070   Section      200  tasks.o(.bss)
    pxReadyTasksLists                        0x20000070   Data         100  tasks.o(.bss)
    xDelayedTaskList1                        0x200000d4   Data          20  tasks.o(.bss)
    xDelayedTaskList2                        0x200000e8   Data          20  tasks.o(.bss)
    xPendingReadyList                        0x200000fc   Data          20  tasks.o(.bss)
    xTasksWaitingTermination                 0x20000110   Data          20  tasks.o(.bss)
    xSuspendedTaskList                       0x20000124   Data          20  tasks.o(.bss)
    .bss                                     0x20000138   Section       64  queue.o(.bss)
    .bss                                     0x20000178   Section    11000  heap_2.o(.bss)
    ucHeap                                   0x20000178   Data       11000  heap_2.o(.bss)
    .bss                                     0x20002c70   Section       40  timers.o(.bss)
    xActiveTimerList1                        0x20002c70   Data          20  timers.o(.bss)
    xActiveTimerList2                        0x20002c84   Data          20  timers.o(.bss)
    .bss                                     0x20002c98   Section       96  libspace.o(.bss)
    HEAP                                     0x20002cf8   Section      512  startup_fm33a0xx.o(HEAP)
    Heap_Mem                                 0x20002cf8   Data         512  startup_fm33a0xx.o(HEAP)
    STACK                                    0x20002ef8   Section     4096  startup_fm33a0xx.o(STACK)
    Stack_Mem                                0x20002ef8   Data        4096  startup_fm33a0xx.o(STACK)
    __initial_sp                             0x20003ef8   Data           0  startup_fm33a0xx.o(STACK)

    Global Symbols

    Symbol Name                              Value     Ov Type        Size  Object(Section)

    BuildAttributes$$THM_ISAv3M$S$PE$A:L22$X:L11$S22$IEEE1$IW$USESV6$~STKCKD$USESV7$~SHL$OSPACE$ROPI$EBA8$UX$STANDARDLIB$REQ8$PRES8$EABIv2 0x00000000   Number         0  anon$$obj.o ABSOLUTE
    __ARM_use_no_argv                        0x00000000   Number         0  main.o ABSOLUTE
    __Vectors                                0x00000000   Data           4  startup_fm33a0xx.o(RESET)
    __ARM_exceptions_init                     - Undefined Weak Reference
    __alloca_initialize                       - Undefined Weak Reference
    __arm_preinit_                            - Undefined Weak Reference
    __cpp_initialize__aeabi_                  - Undefined Weak Reference
    __cxa_finalize                            - Undefined Weak Reference
    __rt_locale                               - Undefined Weak Reference
    __sigvec_lookup                           - Undefined Weak Reference
    _atexit_init                              - Undefined Weak Reference
    _call_atexit_fns                          - Undefined Weak Reference
    _clock_init                               - Undefined Weak Reference
    _fp_trap_init                             - Undefined Weak Reference
    _fp_trap_shutdown                         - Undefined Weak Reference
    _get_lc_collate                           - Undefined Weak Reference
    _get_lc_ctype                             - Undefined Weak Reference
    _get_lc_monetary                          - Undefined Weak Reference
    _get_lc_numeric                           - Undefined Weak Reference
    _get_lc_time                              - Undefined Weak Reference
    _getenv_init                              - Undefined Weak Reference
    _handle_redirection                       - Undefined Weak Reference
    _init_alloc                               - Undefined Weak Reference
    _init_user_alloc                          - Undefined Weak Reference
    _initio                                   - Undefined Weak Reference
    _rand_init                                - Undefined Weak Reference
    _signal_finish                            - Undefined Weak Reference
    _signal_init                              - Undefined Weak Reference
    _terminate_alloc                          - Undefined Weak Reference
    _terminate_user_alloc                     - Undefined Weak Reference
    _terminateio                              - Undefined Weak Reference
    __Vectors_End                            0x000000c0   Data           0  startup_fm33a0xx.o(RESET)
    __Vectors_Size                           0x000000c0   Number         0  startup_fm33a0xx.o ABSOLUTE
    __main                                   0x000000c1   Thumb Code     8  __main.o(!!!main)
    __scatterload                            0x000000c9   Thumb Code     0  __scatter.o(!!!scatter)
    __scatterload_rt2                        0x000000c9   Thumb Code    52  __scatter.o(!!!scatter)
    __scatterload_rt2_thumb_only             0x000000c9   Thumb Code     0  __scatter.o(!!!scatter)
    __scatterload_null                       0x000000d9   Thumb Code     0  __scatter.o(!!!scatter)
    __scatterload_copy                       0x00000105   Thumb Code    26  __scatter_copy.o(!!handler_copy)
    __scatterload_zeroinit                   0x00000121   Thumb Code    28  __scatter_zi.o(!!handler_zi)
    __rt_lib_init                            0x0000013d   Thumb Code     0  libinit.o(.ARM.Collect$$libinit$$00000000)
    __rt_lib_init_alloca_1                   0x0000013f   Thumb Code     0  libinit2.o(.ARM.Collect$$libinit$$0000002E)
    __rt_lib_init_argv_1                     0x0000013f   Thumb Code     0  libinit2.o(.ARM.Collect$$libinit$$0000002C)
    __rt_lib_init_atexit_1                   0x0000013f   Thumb Code     0  libinit2.o(.ARM.Collect$$libinit$$0000001B)
    __rt_lib_init_clock_1                    0x0000013f   Thumb Code     0  libinit2.o(.ARM.Collect$$libinit$$00000021)
    __rt_lib_init_cpp_1                      0x0000013f   Thumb Code     0  libinit2.o(.ARM.Collect$$libinit$$00000032)
    __rt_lib_init_exceptions_1               0x0000013f   Thumb Code     0  libinit2.o(.ARM.Collect$$libinit$$00000030)
    __rt_lib_init_fp_1                       0x0000013f   Thumb Code     0  libinit2.o(.ARM.Collect$$libinit$$00000002)
    __rt_lib_init_fp_trap_1                  0x0000013f   Thumb Code     0  libinit2.o(.ARM.Collect$$libinit$$0000001F)
    __rt_lib_init_getenv_1                   0x0000013f   Thumb Code     0  libinit2.o(.ARM.Collect$$libinit$$00000023)
    __rt_lib_init_heap_1                     0x0000013f   Thumb Code     0  libinit2.o(.ARM.Collect$$libinit$$0000000A)
    __rt_lib_init_lc_collate_1               0x0000013f   Thumb Code     0  libinit2.o(.ARM.Collect$$libinit$$00000011)
    __rt_lib_init_lc_ctype_1                 0x0000013f   Thumb Code     0  libinit2.o(.ARM.Collect$$libinit$$00000013)
    __rt_lib_init_lc_monetary_1              0x0000013f   Thumb Code     0  libinit2.o(.ARM.Collect$$libinit$$00000015)
    __rt_lib_init_lc_numeric_1               0x0000013f   Thumb Code     0  libinit2.o(.ARM.Collect$$libinit$$00000017)
    __rt_lib_init_lc_time_1                  0x0000013f   Thumb Code     0  libinit2.o(.ARM.Collect$$libinit$$00000019)
    __rt_lib_init_preinit_1                  0x0000013f   Thumb Code     0  libinit2.o(.ARM.Collect$$libinit$$00000004)
    __rt_lib_init_rand_1                     0x0000013f   Thumb Code     0  libinit2.o(.ARM.Collect$$libinit$$0000000E)
    __rt_lib_init_return                     0x0000013f   Thumb Code     0  libinit2.o(.ARM.Collect$$libinit$$00000033)
    __rt_lib_init_signal_1                   0x0000013f   Thumb Code     0  libinit2.o(.ARM.Collect$$libinit$$0000001D)
    __rt_lib_init_stdio_1                    0x0000013f   Thumb Code     0  libinit2.o(.ARM.Collect$$libinit$$00000025)
    __rt_lib_init_user_alloc_1               0x0000013f   Thumb Code     0  libinit2.o(.ARM.Collect$$libinit$$0000000C)
    __rt_lib_shutdown                        0x00000141   Thumb Code     0  libshutdown.o(.ARM.Collect$$libshutdown$$00000000)
    __rt_lib_shutdown_cpp_1                  0x00000143   Thumb Code     0  libshutdown2.o(.ARM.Collect$$libshutdown$$00000002)
    __rt_lib_shutdown_fp_trap_1              0x00000143   Thumb Code     0  libshutdown2.o(.ARM.Collect$$libshutdown$$00000007)
    __rt_lib_shutdown_heap_1                 0x00000143   Thumb Code     0  libshutdown2.o(.ARM.Collect$$libshutdown$$0000000F)
    __rt_lib_shutdown_return                 0x00000143   Thumb Code     0  libshutdown2.o(.ARM.Collect$$libshutdown$$00000010)
    __rt_lib_shutdown_signal_1               0x00000143   Thumb Code     0  libshutdown2.o(.ARM.Collect$$libshutdown$$0000000A)
    __rt_lib_shutdown_stdio_1                0x00000143   Thumb Code     0  libshutdown2.o(.ARM.Collect$$libshutdown$$00000004)
    __rt_lib_shutdown_user_alloc_1           0x00000143   Thumb Code     0  libshutdown2.o(.ARM.Collect$$libshutdown$$0000000C)
    __rt_entry                               0x00000145   Thumb Code     0  __rtentry.o(.ARM.Collect$$rtentry$$00000000)
    __rt_entry_presh_1                       0x00000145   Thumb Code     0  __rtentry2.o(.ARM.Collect$$rtentry$$00000002)
    __rt_entry_sh                            0x00000145   Thumb Code     0  __rtentry4.o(.ARM.Collect$$rtentry$$00000004)
    __rt_entry_li                            0x0000014b   Thumb Code     0  __rtentry2.o(.ARM.Collect$$rtentry$$0000000A)
    __rt_entry_postsh_1                      0x0000014b   Thumb Code     0  __rtentry2.o(.ARM.Collect$$rtentry$$00000009)
    __rt_entry_main                          0x0000014f   Thumb Code     0  __rtentry2.o(.ARM.Collect$$rtentry$$0000000D)
    __rt_entry_postli_1                      0x0000014f   Thumb Code     0  __rtentry2.o(.ARM.Collect$$rtentry$$0000000C)
    __rt_exit                                0x00000157   Thumb Code     0  rtexit.o(.ARM.Collect$$rtexit$$00000000)
    __rt_exit_ls                             0x00000159   Thumb Code     0  rtexit2.o(.ARM.Collect$$rtexit$$00000003)
    __rt_exit_prels_1                        0x00000159   Thumb Code     0  rtexit2.o(.ARM.Collect$$rtexit$$00000002)
    __rt_exit_exit                           0x0000015d   Thumb Code     0  rtexit2.o(.ARM.Collect$$rtexit$$00000004)
    __asm___6_port_c_39a90d8d__prvPortStartFirstTask 0x00000165   Thumb Code    36  port.o(.emb_text)
    ulSetInterruptMaskFromISR                0x0000018d   Thumb Code     8  port.o(.emb_text)
    vClearInterruptMaskFromISR               0x00000195   Thumb Code     6  port.o(.emb_text)
    PendSV_Handler                           0x0000019b   Thumb Code    62  port.o(.emb_text)
    __aeabi_memcpy4                          0x000001dd   Thumb Code    56  rt_memcpy.o(.emb_text)
    __aeabi_memcpy8                          0x000001dd   Thumb Code     0  rt_memcpy.o(.emb_text)
    Reset_Handler                            0x00000215   Thumb Code     8  startup_fm33a0xx.o(.text)
    NMI_Handler                              0x0000021d   Thumb Code     2  startup_fm33a0xx.o(.text)
    HardFault_Handler                        0x0000021f   Thumb Code     2  startup_fm33a0xx.o(.text)
    SVC_Handler                              0x00000221   Thumb Code     2  startup_fm33a0xx.o(.text)
    ADC_IRQHandler                           0x00000227   Thumb Code     0  startup_fm33a0xx.o(.text)
    AES_IRQHandler                           0x00000227   Thumb Code     0  startup_fm33a0xx.o(.text)
    BTIM1_IRQHandler                         0x00000227   Thumb Code     0  startup_fm33a0xx.o(.text)
    BTIM2_IRQHandler                         0x00000227   Thumb Code     0  startup_fm33a0xx.o(.text)
    COMP_IRQHandler                          0x00000227   Thumb Code     0  startup_fm33a0xx.o(.text)
    DMA_IRQHandler                           0x00000227   Thumb Code     0  startup_fm33a0xx.o(.text)
    ETIM1_IRQHandler                         0x00000227   Thumb Code     0  startup_fm33a0xx.o(.text)
    ETIM2_IRQHandler                         0x00000227   Thumb Code     0  startup_fm33a0xx.o(.text)
    ETIM3_IRQHandler                         0x00000227   Thumb Code     0  startup_fm33a0xx.o(.text)
    ETIM4_IRQHandler                         0x00000227   Thumb Code     0  startup_fm33a0xx.o(.text)
    FDET_IRQHandler                          0x00000227   Thumb Code     0  startup_fm33a0xx.o(.text)
    GPIO_IRQHandler                          0x00000227   Thumb Code     0  startup_fm33a0xx.o(.text)
    HSPI_IRQHandler                          0x00000227   Thumb Code     0  startup_fm33a0xx.o(.text)
    I2C_IRQHandler                           0x00000227   Thumb Code     0  startup_fm33a0xx.o(.text)
    LCD_IRQHandler                           0x00000227   Thumb Code     0  startup_fm33a0xx.o(.text)
    LPTIM_IRQHandler                         0x00000227   Thumb Code     0  startup_fm33a0xx.o(.text)
    NVMIF_IRQHandler                         0x00000227   Thumb Code     0  startup_fm33a0xx.o(.text)
    RTC_IRQHandler                           0x00000227   Thumb Code     0  startup_fm33a0xx.o(.text)
    SPI1_IRQHandler                          0x00000227   Thumb Code     0  startup_fm33a0xx.o(.text)
    SPI2_IRQHandler                          0x00000227   Thumb Code     0  startup_fm33a0xx.o(.text)
    SVD_IRQHandler                           0x00000227   Thumb Code     0  startup_fm33a0xx.o(.text)
    TRNG_IRQHandler                          0x00000227   Thumb Code     0  startup_fm33a0xx.o(.text)
    U78160_IRQHandler                        0x00000227   Thumb Code     0  startup_fm33a0xx.o(.text)
    U78161_IRQHandler                        0x00000227   Thumb Code     0  startup_fm33a0xx.o(.text)
    UART0_IRQHandler                         0x00000227   Thumb Code     0  startup_fm33a0xx.o(.text)
    UART1_IRQHandler                         0x00000227   Thumb Code     0  startup_fm33a0xx.o(.text)
    UART2_IRQHandler                         0x00000227   Thumb Code     0  startup_fm33a0xx.o(.text)
    UART3_IRQHandler                         0x00000227   Thumb Code     0  startup_fm33a0xx.o(.text)
    UART4_IRQHandler                         0x00000227   Thumb Code     0  startup_fm33a0xx.o(.text)
    UART5_IRQHandler                         0x00000227   Thumb Code     0  startup_fm33a0xx.o(.text)
    WWDT_IRQHandler                          0x00000227   Thumb Code     0  startup_fm33a0xx.o(.text)
    __user_initial_stackheap                 0x00000229   Thumb Code     0  startup_fm33a0xx.o(.text)
    __aeabi_memcpy                           0x0000024d   Thumb Code   130  rt_memcpy.o(.text)
    __rt_memcpy                              0x0000024d   Thumb Code     0  rt_memcpy.o(.text)
    __aeabi_memset                           0x000002cf   Thumb Code    18  aeabi_memset.o(.text)
    __aeabi_uidiv                            0x000002e1   Thumb Code     0  aeabi_sdiv.o(.text)
    __aeabi_uidivmod                         0x000002e1   Thumb Code    20  aeabi_sdiv.o(.text)
    __aeabi_idiv                             0x000002f5   Thumb Code     0  aeabi_sdiv.o(.text)
    __aeabi_idivmod                          0x000002f5   Thumb Code   326  aeabi_sdiv.o(.text)
    __use_two_region_memory                  0x0000043b   Thumb Code     2  heapauxi.o(.text)
    __rt_heap_escrow$2region                 0x0000043d   Thumb Code     2  heapauxi.o(.text)
    __rt_heap_expand$2region                 0x0000043f   Thumb Code     2  heapauxi.o(.text)
    _memset_w                                0x00000441   Thumb Code    26  rt_memclr.o(.text)
    _memset                                  0x0000045b   Thumb Code    30  rt_memclr.o(.text)
    __aeabi_memclr                           0x00000479   Thumb Code     4  rt_memclr.o(.text)
    __rt_memclr                              0x00000479   Thumb Code     0  rt_memclr.o(.text)
    __aeabi_memclr4                          0x0000047d   Thumb Code     0  rt_memclr.o(.text)
    __aeabi_memclr8                          0x0000047d   Thumb Code     0  rt_memclr.o(.text)
    __rt_memclr_w                            0x0000047d   Thumb Code     4  rt_memclr.o(.text)
    __user_setup_stackheap                   0x00000481   Thumb Code    62  sys_stackheap_outer.o(.text)
    exit                                     0x000004bf   Thumb Code    16  exit.o(.text)
    __user_libspace                          0x000004d1   Thumb Code     8  libspace.o(.text)
    __user_perproc_libspace                  0x000004d1   Thumb Code     0  libspace.o(.text)
    __user_perthread_libspace                0x000004d1   Thumb Code     0  libspace.o(.text)
    _sys_exit                                0x000004d9   Thumb Code     8  sys_exit.o(.text)
    __I$use$semihosting                      0x000004e5   Thumb Code     0  use_no_semi.o(.text)
    __use_no_semihosting_swi                 0x000004e5   Thumb Code     2  use_no_semi.o(.text)
    __semihosting_library_function           0x000004e7   Thumb Code     0  indicate_semi.o(.text)
    ANAC_PDRCON_PDRCFG_Set                   0x000004e9   Thumb Code    26  fm33a0xx_anac.o(i.ANAC_PDRCON_PDRCFG_Set)
    ANAC_PDRCON_PDREN_Setable                0x00000509   Thumb Code    32  fm33a0xx_anac.o(i.ANAC_PDRCON_PDREN_Setable)
    AltFunIO                                 0x0000052d   Thumb Code   166  user_init.o(i.AltFunIO)
    CheckSysReg                              0x000005d3   Thumb Code    18  user_init.o(i.CheckSysReg)
    Close_AllIOEXTI                          0x000005e5   Thumb Code    32  user_init.o(i.Close_AllIOEXTI)
    Close_AllIO_GPIO_80pin                   0x0000060d   Thumb Code   792  user_init.o(i.Close_AllIO_GPIO_80pin)
    Close_None_GPIO_80pin                    0x00000929   Thumb Code   450  user_init.o(i.Close_None_GPIO_80pin)
    CloseeIO                                 0x00000af1   Thumb Code    64  user_init.o(i.CloseeIO)
    FLASH_FLSRDCON_WAIT_Set                  0x00000b31   Thumb Code    22  fm33a0xx_flash.o(i.FLASH_FLSRDCON_WAIT_Set)
    GPIO_ANASEL_PC12ANS_Set                  0x00000b4d   Thumb Code    22  fm33a0xx_gpio.o(i.GPIO_ANASEL_PC12ANS_Set)
    GPIO_ANASEL_PC13ANS_Set                  0x00000b69   Thumb Code    26  fm33a0xx_gpio.o(i.GPIO_ANASEL_PC13ANS_Set)
    GPIO_ANASEL_PC14ANS_Set                  0x00000b89   Thumb Code    26  fm33a0xx_gpio.o(i.GPIO_ANASEL_PC14ANS_Set)
    GPIO_ANASEL_PC15ANS_Set                  0x00000ba9   Thumb Code    26  fm33a0xx_gpio.o(i.GPIO_ANASEL_PC15ANS_Set)
    GPIO_ANASEL_PE3ANS_Set                   0x00000bc9   Thumb Code    26  fm33a0xx_gpio.o(i.GPIO_ANASEL_PE3ANS_Set)
    GPIO_ANASEL_PE4ANS_Set                   0x00000be9   Thumb Code    26  fm33a0xx_gpio.o(i.GPIO_ANASEL_PE4ANS_Set)
    GPIO_FOUTSEL_FOUTSEL_Set                 0x00000c09   Thumb Code    22  fm33a0xx_gpio.o(i.GPIO_FOUTSEL_FOUTSEL_Set)
    GPIO_Get_InitPara                        0x00000c25   Thumb Code   148  fm33a0xx_gpio.o(i.GPIO_Get_InitPara)
    GPIO_HDSEL_PE2HDEN_Setable               0x00000cb9   Thumb Code    32  fm33a0xx_gpio.o(i.GPIO_HDSEL_PE2HDEN_Setable)
    GPIO_HDSEL_PG6HDEN_Setable               0x00000cdd   Thumb Code    32  fm33a0xx_gpio.o(i.GPIO_HDSEL_PG6HDEN_Setable)
    GPIO_IODF_SetableEx                      0x00000d01   Thumb Code    36  fm33a0xx_gpio.o(i.GPIO_IODF_SetableEx)
    GPIO_Init                                0x00000d29   Thumb Code   114  fm33a0xx_gpio.o(i.GPIO_Init)
    GPIO_PINWKEN_SetableEx                   0x00000d9d   Thumb Code    28  fm33a0xx_gpio.o(i.GPIO_PINWKEN_SetableEx)
    GPIO_ResetBits                           0x00000dbd   Thumb Code     4  fm33a0xx_gpio.o(i.GPIO_ResetBits)
    GPIO_SetBits                             0x00000dc1   Thumb Code     4  fm33a0xx_gpio.o(i.GPIO_SetBits)
    GPIOx_DO_Write                           0x00000dc5   Thumb Code     6  fm33a0xx_gpio.o(i.GPIOx_DO_Write)
    IO_AnalogFunSet                          0x00000dcb   Thumb Code    40  user_init.o(i.IO_AnalogFunSet)
    IO_DFFunSet                              0x00000df3   Thumb Code   228  user_init.o(i.IO_DFFunSet)
    IO_WKENFunSet                            0x00000ed7   Thumb Code    68  user_init.o(i.IO_WKENFunSet)
    IWDT_Clr                                 0x00000f1d   Thumb Code     8  fm33a0xx_iwdt.o(i.IWDT_Clr)
    IWDT_IWDTCFG_IWDTOVP_Set                 0x00000f2d   Thumb Code    22  fm33a0xx_iwdt.o(i.IWDT_IWDTCFG_IWDTOVP_Set)
    IWDT_IWDTCFG_IWDTSLP4096S_Setable        0x00000f49   Thumb Code    32  fm33a0xx_iwdt.o(i.IWDT_IWDTCFG_IWDTSLP4096S_Setable)
    IWDT_Init                                0x00000f6d   Thumb Code    28  user_init.o(i.IWDT_Init)
    Init_IO                                  0x00000f8d   Thumb Code    34  user_init.o(i.Init_IO)
    Init_PLL                                 0x00000fb5   Thumb Code    32  user_init.o(i.Init_PLL)
    Init_Pad_Io                              0x00000fd5   Thumb Code    72  user_init.o(i.Init_Pad_Io)
    Init_RCC_PERIPH_clk                      0x00001021   Thumb Code   390  user_init.o(i.Init_RCC_PERIPH_clk)
    Init_SysClk                              0x000011b9   Thumb Code    48  user_init.o(i.Init_SysClk)
    Init_SysClk_Gen                          0x000011e9   Thumb Code    46  user_init.o(i.Init_SysClk_Gen)
    Init_SysTick                             0x00001219   Thumb Code    50  user_init.o(i.Init_SysTick)
    Init_System                              0x00001251   Thumb Code    70  user_init.o(i.Init_System)
    OutputIO                                 0x00001315   Thumb Code   114  user_init.o(i.OutputIO)
    RCC_Init_RCHF_Trim                       0x00001389   Thumb Code    82  fm33a0xx_rcc.o(i.RCC_Init_RCHF_Trim)
    RCC_MPRIL_MPRIL_Set                      0x000013e1   Thumb Code    22  fm33a0xx_rcc.o(i.RCC_MPRIL_MPRIL_Set)
    RCC_PERCLK_SetableEx                     0x000013fd   Thumb Code   100  fm33a0xx_rcc.o(i.RCC_PERCLK_SetableEx)
    RCC_PLLCON_PLLDB_Set                     0x00001465   Thumb Code    22  fm33a0xx_rcc.o(i.RCC_PLLCON_PLLDB_Set)
    RCC_PLLCON_PLLEN_Setable                 0x00001485   Thumb Code    32  fm33a0xx_rcc.o(i.RCC_PLLCON_PLLEN_Setable)
    RCC_PLLCON_PLLINSEL_Set                  0x000014a9   Thumb Code    26  fm33a0xx_rcc.o(i.RCC_PLLCON_PLLINSEL_Set)
    RCC_PLLCON_PLLOSEL_Set                   0x000014c9   Thumb Code    26  fm33a0xx_rcc.o(i.RCC_PLLCON_PLLOSEL_Set)
    RCC_PLLDB_WriteEx                        0x000014e9   Thumb Code    12  fm33a0xx_rcc.o(i.RCC_PLLDB_WriteEx)
    RCC_PLL_Init                             0x000014f5   Thumb Code    30  fm33a0xx_rcc.o(i.RCC_PLL_Init)
    RCC_RCHFCON_FSEL_Set                     0x00001515   Thumb Code    28  fm33a0xx_rcc.o(i.RCC_RCHFCON_FSEL_Set)
    RCC_RCHFCON_RCHFEN_Setable               0x00001535   Thumb Code    32  fm33a0xx_rcc.o(i.RCC_RCHFCON_RCHFEN_Setable)
    RCC_RCHFTRIM_Write                       0x00001559   Thumb Code    10  fm33a0xx_rcc.o(i.RCC_RCHFTRIM_Write)
    RCC_RCHF_Init                            0x00001569   Thumb Code    18  fm33a0xx_rcc.o(i.RCC_RCHF_Init)
    RCC_SYSCLKSEL_AHBPRES_Set                0x0000157d   Thumb Code    28  fm33a0xx_rcc.o(i.RCC_SYSCLKSEL_AHBPRES_Set)
    RCC_SYSCLKSEL_APBPRES_Set                0x0000159d   Thumb Code    28  fm33a0xx_rcc.o(i.RCC_SYSCLKSEL_APBPRES_Set)
    RCC_SYSCLKSEL_EXTICKSEL_Set              0x000015bd   Thumb Code    26  fm33a0xx_rcc.o(i.RCC_SYSCLKSEL_EXTICKSEL_Set)
    RCC_SYSCLKSEL_LPM_RCLP_OFF_Setable       0x000015dd   Thumb Code    32  fm33a0xx_rcc.o(i.RCC_SYSCLKSEL_LPM_RCLP_OFF_Setable)
    RCC_SYSCLKSEL_SLP_ENEXTI_Setable         0x00001601   Thumb Code    34  fm33a0xx_rcc.o(i.RCC_SYSCLKSEL_SLP_ENEXTI_Setable)
    RCC_SYSCLKSEL_SYSCLKSEL_Set              0x00001629   Thumb Code    22  fm33a0xx_rcc.o(i.RCC_SYSCLKSEL_SYSCLKSEL_Set)
    RCC_SysClk_Init                          0x00001645   Thumb Code    42  fm33a0xx_rcc.o(i.RCC_SysClk_Init)
    SCU_Init                                 0x0000166f   Thumb Code    70  user_init.o(i.SCU_Init)
    SCU_MCUDBGCR_DBG_BT1_STOP_Setable        0x000016b5   Thumb Code    36  fm33a0xx_scu.o(i.SCU_MCUDBGCR_DBG_BT1_STOP_Setable)
    SCU_MCUDBGCR_DBG_BT2_STOP_Setable        0x000016d9   Thumb Code    36  fm33a0xx_scu.o(i.SCU_MCUDBGCR_DBG_BT2_STOP_Setable)
    SCU_MCUDBGCR_DBG_ET1_STOP_Setable        0x000016fd   Thumb Code    36  fm33a0xx_scu.o(i.SCU_MCUDBGCR_DBG_ET1_STOP_Setable)
    SCU_MCUDBGCR_DBG_ET2_STOP_Setable        0x00001721   Thumb Code    36  fm33a0xx_scu.o(i.SCU_MCUDBGCR_DBG_ET2_STOP_Setable)
    SCU_MCUDBGCR_DBG_ET3_STOP_Setable        0x00001745   Thumb Code    36  fm33a0xx_scu.o(i.SCU_MCUDBGCR_DBG_ET3_STOP_Setable)
    SCU_MCUDBGCR_DBG_ET4_STOP_Setable        0x00001769   Thumb Code    36  fm33a0xx_scu.o(i.SCU_MCUDBGCR_DBG_ET4_STOP_Setable)
    SCU_MCUDBGCR_DBG_IWDT_STOP_Setable       0x0000178d   Thumb Code    36  fm33a0xx_scu.o(i.SCU_MCUDBGCR_DBG_IWDT_STOP_Setable)
    SCU_MCUDBGCR_DBG_WWDT_STOP_Setable       0x000017b1   Thumb Code    34  fm33a0xx_scu.o(i.SCU_MCUDBGCR_DBG_WWDT_STOP_Setable)
    SysTick_Handler                          0x000017d5   Thumb Code    32  port.o(i.SysTick_Handler)
    SystemInit                               0x000017f9   Thumb Code     8  system_fm33a0xx.o(i.SystemInit)
    TASK_LED1_Blinky                         0x00001809   Thumb Code    44  user_task.o(i.TASK_LED1_Blinky)
    TASK_LED2_Blinky                         0x00001839   Thumb Code    40  user_task.o(i.TASK_LED2_Blinky)
    TicksDelay                               0x00001865   Thumb Code    34  user_init.o(i.TicksDelay)
    TicksDelayMs                             0x0000188d   Thumb Code    40  user_init.o(i.TicksDelayMs)
    __ARM_common_switch8                     0x000018b5   Thumb Code    28  fm33a0xx_anac.o(i.__ARM_common_switch8)
    main                                     0x000018d1   Thumb Code    62  main.o(i.main)
    pvPortMalloc                             0x0000222d   Thumb Code   176  heap_2.o(i.pvPortMalloc)
    pxPortInitialiseStack                    0x000022f1   Thumb Code    26  port.o(i.pxPortInitialiseStack)
    uxListRemove                             0x00002311   Thumb Code    40  list.o(i.uxListRemove)
    vApplicationMallocFailedHook             0x00002339   Thumb Code     6  main.o(i.vApplicationMallocFailedHook)
    vApplicationStackOverflowHook            0x0000233f   Thumb Code     6  main.o(i.vApplicationStackOverflowHook)
    vApplicationTickHook                     0x00002345   Thumb Code     2  main.o(i.vApplicationTickHook)
    vListInitialise                          0x00002347   Thumb Code    26  list.o(i.vListInitialise)
    vListInitialiseItem                      0x00002361   Thumb Code     6  list.o(i.vListInitialiseItem)
    vListInsert                              0x00002367   Thumb Code    54  list.o(i.vListInsert)
    vListInsertEnd                           0x0000239d   Thumb Code    24  list.o(i.vListInsertEnd)
    vPortEnterCritical                       0x000023b5   Thumb Code    22  port.o(i.vPortEnterCritical)
    vPortExitCritical                        0x000023d1   Thumb Code    36  port.o(i.vPortExitCritical)
    vPortFree                                0x000023f9   Thumb Code    58  heap_2.o(i.vPortFree)
    vPortYield                               0x0000243d   Thumb Code    18  port.o(i.vPortYield)
    vQueueAddToRegistry                      0x00002455   Thumb Code    40  queue.o(i.vQueueAddToRegistry)
    vQueueWaitForMessageRestricted           0x00002481   Thumb Code    76  queue.o(i.vQueueWaitForMessageRestricted)
    vTaskInternalSetTimeOutState             0x000024cd   Thumb Code    14  tasks.o(i.vTaskInternalSetTimeOutState)
    vTaskMissedYield                         0x000024e5   Thumb Code     8  tasks.o(i.vTaskMissedYield)
    vTaskPlaceOnEventList                    0x000024f1   Thumb Code    38  tasks.o(i.vTaskPlaceOnEventList)
    vTaskPlaceOnEventListRestricted          0x0000251d   Thumb Code    48  tasks.o(i.vTaskPlaceOnEventListRestricted)
    vTaskStartScheduler                      0x00002551   Thumb Code    90  tasks.o(i.vTaskStartScheduler)
    vTaskSuspendAll                          0x000025c9   Thumb Code    12  tasks.o(i.vTaskSuspendAll)
    vTaskSwitchContext                       0x000025d9   Thumb Code   156  tasks.o(i.vTaskSwitchContext)
    xPortStartScheduler                      0x0000268d   Thumb Code    48  port.o(i.xPortStartScheduler)
    xQueueGenericCreate                      0x000026c5   Thumb Code    80  queue.o(i.xQueueGenericCreate)
    xQueueGenericReset                       0x00002715   Thumb Code   130  queue.o(i.xQueueGenericReset)
    xQueueGenericSend                        0x00002797   Thumb Code   370  queue.o(i.xQueueGenericSend)
    xQueueGenericSendFromISR                 0x00002909   Thumb Code   216  queue.o(i.xQueueGenericSendFromISR)
    xQueueReceive                            0x000029e1   Thumb Code   312  queue.o(i.xQueueReceive)
    xTaskCheckForTimeOut                     0x00002b19   Thumb Code   106  tasks.o(i.xTaskCheckForTimeOut)
    xTaskCreate                              0x00002b8d   Thumb Code    92  tasks.o(i.xTaskCreate)
    xTaskGetSchedulerState                   0x00002be9   Thumb Code    28  tasks.o(i.xTaskGetSchedulerState)
    xTaskGetTickCount                        0x00002c0d   Thumb Code     6  tasks.o(i.xTaskGetTickCount)
    xTaskIncrementTick                       0x00002c19   Thumb Code   286  tasks.o(i.xTaskIncrementTick)
    xTaskPriorityDisinherit                  0x00002d65   Thumb Code   124  tasks.o(i.xTaskPriorityDisinherit)
    xTaskRemoveFromEventList                 0x00002ded   Thumb Code   112  tasks.o(i.xTaskRemoveFromEventList)
    xTaskResumeAll                           0x00002e75   Thumb Code   206  tasks.o(i.xTaskResumeAll)
    xTimerCreateTimerTask                    0x00002f65   Thumb Code    52  timers.o(i.xTimerCreateTimerTask)
    xTimerGenericCommand                     0x00002fad   Thumb Code   110  timers.o(i.xTimerGenericCommand)
    Region$$Table$$Base                      0x00003020   Number         0  anon$$obj.o(Region$$Table)
    Region$$Table$$Limit                     0x00003040   Number         0  anon$$obj.o(Region$$Table)
    pxCurrentTCB                             0x20000000   Data           4  tasks.o(.data)
    SystemCoreClock                          0x2000006c   Data           4  system_fm33a0xx.o(.data)
    xQueueRegistry                           0x20000138   Data          64  queue.o(.bss)
    __libspace_start                         0x20002c98   Data          96  libspace.o(.bss)
    __temporary_stack_top$libspace           0x20002cf8   Data           0  libspace.o(.bss)



==============================================================================

Memory Map of the image

  Image Entry point : 0x000000c1

  Load Region LR_IROM1 (Base: 0x00000000, Size: 0x000030b0, Max: 0x00030000, ABSOLUTE)

    Execution Region ER_IROM1 (Base: 0x00000000, Size: 0x00003040, Max: 0x00030000, ABSOLUTE)

    Base Addr    Size         Type   Attr      Idx    E Section Name        Object

    0x00000000   0x000000c0   Data   RO         7541    RESET               startup_fm33a0xx.o
    0x000000c0   0x00000008   Code   RO         7589  * !!!main             c_p.l(__main.o)
    0x000000c8   0x0000003c   Code   RO         7801    !!!scatter          c_p.l(__scatter.o)
    0x00000104   0x0000001a   Code   RO         7803    !!handler_copy      c_p.l(__scatter_copy.o)
    0x0000011e   0x00000002   PAD
    0x00000120   0x0000001c   Code   RO         7805    !!handler_zi        c_p.l(__scatter_zi.o)
    0x0000013c   0x00000002   Code   RO         7668    .ARM.Collect$$libinit$$00000000  c_p.l(libinit.o)
    0x0000013e   0x00000000   Code   RO         7684    .ARM.Collect$$libinit$$00000002  c_p.l(libinit2.o)
    0x0000013e   0x00000000   Code   RO         7686    .ARM.Collect$$libinit$$00000004  c_p.l(libinit2.o)
    0x0000013e   0x00000000   Code   RO         7689    .ARM.Collect$$libinit$$0000000A  c_p.l(libinit2.o)
    0x0000013e   0x00000000   Code   RO         7691    .ARM.Collect$$libinit$$0000000C  c_p.l(libinit2.o)
    0x0000013e   0x00000000   Code   RO         7693    .ARM.Collect$$libinit$$0000000E  c_p.l(libinit2.o)
    0x0000013e   0x00000000   Code   RO         7696    .ARM.Collect$$libinit$$00000011  c_p.l(libinit2.o)
    0x0000013e   0x00000000   Code   RO         7698    .ARM.Collect$$libinit$$00000013  c_p.l(libinit2.o)
    0x0000013e   0x00000000   Code   RO         7700    .ARM.Collect$$libinit$$00000015  c_p.l(libinit2.o)
    0x0000013e   0x00000000   Code   RO         7702    .ARM.Collect$$libinit$$00000017  c_p.l(libinit2.o)
    0x0000013e   0x00000000   Code   RO         7704    .ARM.Collect$$libinit$$00000019  c_p.l(libinit2.o)
    0x0000013e   0x00000000   Code   RO         7706    .ARM.Collect$$libinit$$0000001B  c_p.l(libinit2.o)
    0x0000013e   0x00000000   Code   RO         7708    .ARM.Collect$$libinit$$0000001D  c_p.l(libinit2.o)
    0x0000013e   0x00000000   Code   RO         7710    .ARM.Collect$$libinit$$0000001F  c_p.l(libinit2.o)
    0x0000013e   0x00000000   Code   RO         7712    .ARM.Collect$$libinit$$00000021  c_p.l(libinit2.o)
    0x0000013e   0x00000000   Code   RO         7714    .ARM.Collect$$libinit$$00000023  c_p.l(libinit2.o)
    0x0000013e   0x00000000   Code   RO         7716    .ARM.Collect$$libinit$$00000025  c_p.l(libinit2.o)
    0x0000013e   0x00000000   Code   RO         7720    .ARM.Collect$$libinit$$0000002C  c_p.l(libinit2.o)
    0x0000013e   0x00000000   Code   RO         7722    .ARM.Collect$$libinit$$0000002E  c_p.l(libinit2.o)
    0x0000013e   0x00000000   Code   RO         7724    .ARM.Collect$$libinit$$00000030  c_p.l(libinit2.o)
    0x0000013e   0x00000000   Code   RO         7726    .ARM.Collect$$libinit$$00000032  c_p.l(libinit2.o)
    0x0000013e   0x00000002   Code   RO         7727    .ARM.Collect$$libinit$$00000033  c_p.l(libinit2.o)
    0x00000140   0x00000002   Code   RO         7758    .ARM.Collect$$libshutdown$$00000000  c_p.l(libshutdown.o)
    0x00000142   0x00000000   Code   RO         7784    .ARM.Collect$$libshutdown$$00000002  c_p.l(libshutdown2.o)
    0x00000142   0x00000000   Code   RO         7786    .ARM.Collect$$libshutdown$$00000004  c_p.l(libshutdown2.o)
    0x00000142   0x00000000   Code   RO         7789    .ARM.Collect$$libshutdown$$00000007  c_p.l(libshutdown2.o)
    0x00000142   0x00000000   Code   RO         7792    .ARM.Collect$$libshutdown$$0000000A  c_p.l(libshutdown2.o)
    0x00000142   0x00000000   Code   RO         7794    .ARM.Collect$$libshutdown$$0000000C  c_p.l(libshutdown2.o)
    0x00000142   0x00000000   Code   RO         7797    .ARM.Collect$$libshutdown$$0000000F  c_p.l(libshutdown2.o)
    0x00000142   0x00000002   Code   RO         7798    .ARM.Collect$$libshutdown$$00000010  c_p.l(libshutdown2.o)
    0x00000144   0x00000000   Code   RO         7623    .ARM.Collect$$rtentry$$00000000  c_p.l(__rtentry.o)
    0x00000144   0x00000000   Code   RO         7634    .ARM.Collect$$rtentry$$00000002  c_p.l(__rtentry2.o)
    0x00000144   0x00000006   Code   RO         7646    .ARM.Collect$$rtentry$$00000004  c_p.l(__rtentry4.o)
    0x0000014a   0x00000000   Code   RO         7636    .ARM.Collect$$rtentry$$00000009  c_p.l(__rtentry2.o)
    0x0000014a   0x00000004   Code   RO         7637    .ARM.Collect$$rtentry$$0000000A  c_p.l(__rtentry2.o)
    0x0000014e   0x00000000   Code   RO         7639    .ARM.Collect$$rtentry$$0000000C  c_p.l(__rtentry2.o)
    0x0000014e   0x00000008   Code   RO         7640    .ARM.Collect$$rtentry$$0000000D  c_p.l(__rtentry2.o)
    0x00000156   0x00000002   Code   RO         7675    .ARM.Collect$$rtexit$$00000000  c_p.l(rtexit.o)
    0x00000158   0x00000000   Code   RO         7731    .ARM.Collect$$rtexit$$00000002  c_p.l(rtexit2.o)
    0x00000158   0x00000004   Code   RO         7732    .ARM.Collect$$rtexit$$00000003  c_p.l(rtexit2.o)
    0x0000015c   0x00000006   Code   RO         7733    .ARM.Collect$$rtexit$$00000004  c_p.l(rtexit2.o)
    0x00000162   0x00000002   PAD
    0x00000164   0x00000078   Code   RO         6988    .emb_text           port.o
    0x000001dc   0x00000038   Code   RO         7577    .emb_text           c_p.l(rt_memcpy.o)
    0x00000214   0x00000038   Code   RO         7542    .text               startup_fm33a0xx.o
    0x0000024c   0x00000082   Code   RO         7578    .text               c_p.l(rt_memcpy.o)
    0x000002ce   0x00000012   Code   RO         7581    .text               c_p.l(aeabi_memset.o)
    0x000002e0   0x0000015a   Code   RO         7583    .text               c_p.l(aeabi_sdiv.o)
    0x0000043a   0x00000006   Code   RO         7587    .text               c_p.l(heapauxi.o)
    0x00000440   0x00000040   Code   RO         7628    .text               c_p.l(rt_memclr.o)
    0x00000480   0x0000003e   Code   RO         7654    .text               c_p.l(sys_stackheap_outer.o)
    0x000004be   0x00000010   Code   RO         7657    .text               c_p.l(exit.o)
    0x000004ce   0x00000002   PAD
    0x000004d0   0x00000008   Code   RO         7671    .text               c_p.l(libspace.o)
    0x000004d8   0x0000000c   Code   RO         7728    .text               c_p.l(sys_exit.o)
    0x000004e4   0x00000002   Code   RO         7747    .text               c_p.l(use_no_semi.o)
    0x000004e6   0x00000000   Code   RO         7749    .text               c_p.l(indicate_semi.o)
    0x000004e6   0x00000002   PAD
    0x000004e8   0x00000020   Code   RO          332    i.ANAC_PDRCON_PDRCFG_Set  fm33a0xx_anac.o
    0x00000508   0x00000024   Code   RO          334    i.ANAC_PDRCON_PDREN_Setable  fm33a0xx_anac.o
    0x0000052c   0x000000a6   Code   RO         7331    i.AltFunIO          user_init.o
    0x000005d2   0x00000012   Code   RO         7334    i.CheckSysReg       user_init.o
    0x000005e4   0x00000028   Code   RO         7335    i.Close_AllIOEXTI   user_init.o
    0x0000060c   0x0000031c   Code   RO         7336    i.Close_AllIO_GPIO_80pin  user_init.o
    0x00000928   0x000001c8   Code   RO         7337    i.Close_None_GPIO_80pin  user_init.o
    0x00000af0   0x00000040   Code   RO         7338    i.CloseeIO          user_init.o
    0x00000b30   0x0000001c   Code   RO         2138    i.FLASH_FLSRDCON_WAIT_Set  fm33a0xx_flash.o
    0x00000b4c   0x0000001c   Code   RO         2369    i.GPIO_ANASEL_PC12ANS_Set  fm33a0xx_gpio.o
    0x00000b68   0x00000020   Code   RO         2371    i.GPIO_ANASEL_PC13ANS_Set  fm33a0xx_gpio.o
    0x00000b88   0x00000020   Code   RO         2373    i.GPIO_ANASEL_PC14ANS_Set  fm33a0xx_gpio.o
    0x00000ba8   0x00000020   Code   RO         2375    i.GPIO_ANASEL_PC15ANS_Set  fm33a0xx_gpio.o
    0x00000bc8   0x00000020   Code   RO         2377    i.GPIO_ANASEL_PE3ANS_Set  fm33a0xx_gpio.o
    0x00000be8   0x00000020   Code   RO         2379    i.GPIO_ANASEL_PE4ANS_Set  fm33a0xx_gpio.o
    0x00000c08   0x0000001c   Code   RO         2388    i.GPIO_FOUTSEL_FOUTSEL_Set  fm33a0xx_gpio.o
    0x00000c24   0x00000094   Code   RO         2389    i.GPIO_Get_InitPara  fm33a0xx_gpio.o
    0x00000cb8   0x00000024   Code   RO         2391    i.GPIO_HDSEL_PE2HDEN_Setable  fm33a0xx_gpio.o
    0x00000cdc   0x00000024   Code   RO         2393    i.GPIO_HDSEL_PG6HDEN_Setable  fm33a0xx_gpio.o
    0x00000d00   0x00000028   Code   RO         2394    i.GPIO_IODF_SetableEx  fm33a0xx_gpio.o
    0x00000d28   0x00000072   Code   RO         2395    i.GPIO_Init         fm33a0xx_gpio.o
    0x00000d9a   0x00000002   PAD
    0x00000d9c   0x00000020   Code   RO         2396    i.GPIO_PINWKEN_SetableEx  fm33a0xx_gpio.o
    0x00000dbc   0x00000004   Code   RO         2401    i.GPIO_ResetBits    fm33a0xx_gpio.o
    0x00000dc0   0x00000004   Code   RO         2402    i.GPIO_SetBits      fm33a0xx_gpio.o
    0x00000dc4   0x00000006   Code   RO         2406    i.GPIOx_DO_Write    fm33a0xx_gpio.o
    0x00000dca   0x00000028   Code   RO         7339    i.IO_AnalogFunSet   user_init.o
    0x00000df2   0x000000e4   Code   RO         7340    i.IO_DFFunSet       user_init.o
    0x00000ed6   0x00000044   Code   RO         7341    i.IO_WKENFunSet     user_init.o
    0x00000f1a   0x00000002   PAD
    0x00000f1c   0x00000010   Code   RO         3285    i.IWDT_Clr          fm33a0xx_iwdt.o
    0x00000f2c   0x0000001c   Code   RO         3288    i.IWDT_IWDTCFG_IWDTOVP_Set  fm33a0xx_iwdt.o
    0x00000f48   0x00000024   Code   RO         3290    i.IWDT_IWDTCFG_IWDTSLP4096S_Setable  fm33a0xx_iwdt.o
    0x00000f6c   0x00000020   Code   RO         7342    i.IWDT_Init         user_init.o
    0x00000f8c   0x00000028   Code   RO         7343    i.Init_IO           user_init.o
    0x00000fb4   0x00000020   Code   RO         7344    i.Init_PLL          user_init.o
    0x00000fd4   0x0000004c   Code   RO         7345    i.Init_Pad_Io       user_init.o
    0x00001020   0x00000198   Code   RO         7346    i.Init_RCC_PERIPH_clk  user_init.o
    0x000011b8   0x00000030   Code   RO         7347    i.Init_SysClk       user_init.o
    0x000011e8   0x0000002e   Code   RO         7348    i.Init_SysClk_Gen   user_init.o
    0x00001216   0x00000002   PAD
    0x00001218   0x00000038   Code   RO         7349    i.Init_SysTick      user_init.o
    0x00001250   0x0000004c   Code   RO         7350    i.Init_System       user_init.o
    0x0000129c   0x00000078   Code   RO         7353    i.NVIC_SetPriority  user_init.o
    0x00001314   0x00000072   Code   RO         7354    i.OutputIO          user_init.o
    0x00001386   0x00000002   PAD
    0x00001388   0x00000058   Code   RO         4213    i.RCC_Init_RCHF_Trim  fm33a0xx_rcc.o
    0x000013e0   0x0000001c   Code   RO         4215    i.RCC_MPRIL_MPRIL_Set  fm33a0xx_rcc.o
    0x000013fc   0x00000068   Code   RO         4218    i.RCC_PERCLK_SetableEx  fm33a0xx_rcc.o
    0x00001464   0x00000020   Code   RO         4220    i.RCC_PLLCON_PLLDB_Set  fm33a0xx_rcc.o
    0x00001484   0x00000024   Code   RO         4222    i.RCC_PLLCON_PLLEN_Setable  fm33a0xx_rcc.o
    0x000014a8   0x00000020   Code   RO         4224    i.RCC_PLLCON_PLLINSEL_Set  fm33a0xx_rcc.o
    0x000014c8   0x00000020   Code   RO         4226    i.RCC_PLLCON_PLLOSEL_Set  fm33a0xx_rcc.o
    0x000014e8   0x0000000c   Code   RO         4228    i.RCC_PLLDB_WriteEx  fm33a0xx_rcc.o
    0x000014f4   0x0000001e   Code   RO         4229    i.RCC_PLL_Init      fm33a0xx_rcc.o
    0x00001512   0x00000002   PAD
    0x00001514   0x00000020   Code   RO         4231    i.RCC_RCHFCON_FSEL_Set  fm33a0xx_rcc.o
    0x00001534   0x00000024   Code   RO         4233    i.RCC_RCHFCON_RCHFEN_Setable  fm33a0xx_rcc.o
    0x00001558   0x00000010   Code   RO         4235    i.RCC_RCHFTRIM_Write  fm33a0xx_rcc.o
    0x00001568   0x00000012   Code   RO         4236    i.RCC_RCHF_Init     fm33a0xx_rcc.o
    0x0000157a   0x00000002   PAD
    0x0000157c   0x00000020   Code   RO         4241    i.RCC_SYSCLKSEL_AHBPRES_Set  fm33a0xx_rcc.o
    0x0000159c   0x00000020   Code   RO         4243    i.RCC_SYSCLKSEL_APBPRES_Set  fm33a0xx_rcc.o
    0x000015bc   0x00000020   Code   RO         4245    i.RCC_SYSCLKSEL_EXTICKSEL_Set  fm33a0xx_rcc.o
    0x000015dc   0x00000024   Code   RO         4247    i.RCC_SYSCLKSEL_LPM_RCLP_OFF_Setable  fm33a0xx_rcc.o
    0x00001600   0x00000028   Code   RO         4249    i.RCC_SYSCLKSEL_SLP_ENEXTI_Setable  fm33a0xx_rcc.o
    0x00001628   0x0000001c   Code   RO         4251    i.RCC_SYSCLKSEL_SYSCLKSEL_Set  fm33a0xx_rcc.o
    0x00001644   0x0000002a   Code   RO         4252    i.RCC_SysClk_Init   fm33a0xx_rcc.o
    0x0000166e   0x00000046   Code   RO         7355    i.SCU_Init          user_init.o
    0x000016b4   0x00000024   Code   RO         4849    i.SCU_MCUDBGCR_DBG_BT1_STOP_Setable  fm33a0xx_scu.o
    0x000016d8   0x00000024   Code   RO         4851    i.SCU_MCUDBGCR_DBG_BT2_STOP_Setable  fm33a0xx_scu.o
    0x000016fc   0x00000024   Code   RO         4853    i.SCU_MCUDBGCR_DBG_ET1_STOP_Setable  fm33a0xx_scu.o
    0x00001720   0x00000024   Code   RO         4855    i.SCU_MCUDBGCR_DBG_ET2_STOP_Setable  fm33a0xx_scu.o
    0x00001744   0x00000024   Code   RO         4857    i.SCU_MCUDBGCR_DBG_ET3_STOP_Setable  fm33a0xx_scu.o
    0x00001768   0x00000024   Code   RO         4859    i.SCU_MCUDBGCR_DBG_ET4_STOP_Setable  fm33a0xx_scu.o
    0x0000178c   0x00000024   Code   RO         4861    i.SCU_MCUDBGCR_DBG_IWDT_STOP_Setable  fm33a0xx_scu.o
    0x000017b0   0x00000022   Code   RO         4863    i.SCU_MCUDBGCR_DBG_WWDT_STOP_Setable  fm33a0xx_scu.o
    0x000017d2   0x00000002   PAD
    0x000017d4   0x00000024   Code   RO         6989    i.SysTick_Handler   port.o
    0x000017f8   0x00000010   Code   RO         7549    i.SystemInit        system_fm33a0xx.o
    0x00001808   0x00000030   Code   RO         7515    i.TASK_LED1_Blinky  user_task.o
    0x00001838   0x0000002c   Code   RO         7516    i.TASK_LED2_Blinky  user_task.o
    0x00001864   0x00000028   Code   RO         7356    i.TicksDelay        user_init.o
    0x0000188c   0x00000028   Code   RO         7357    i.TicksDelayMs      user_init.o
    0x000018b4   0x0000001c   Code   RO          844    i.__ARM_common_switch8  fm33a0xx_anac.o
    0x000018d0   0x00000054   Code   RO         7238    i.main              main.o
    0x00001924   0x0000007c   Code   RO         6315    i.prvAddCurrentTaskToDelayedList  tasks.o
    0x000019a0   0x000000ac   Code   RO         6316    i.prvAddNewTaskToReadyList  tasks.o
    0x00001a4c   0x00000068   Code   RO         7106    i.prvCheckForValidListAndQueue  timers.o
    0x00001ab4   0x00000048   Code   RO         6317    i.prvCheckTasksWaitingTermination  tasks.o
    0x00001afc   0x0000002c   Code   RO         6704    i.prvCopyDataFromQueue  queue.o
    0x00001b28   0x00000080   Code   RO         6705    i.prvCopyDataToQueue  queue.o
    0x00001ba8   0x00000012   Code   RO         6318    i.prvDeleteTCB      tasks.o
    0x00001bba   0x00000002   PAD
    0x00001bbc   0x0000002c   Code   RO         7107    i.prvGetNextExpireTime  timers.o
    0x00001be8   0x00000038   Code   RO         7067    i.prvHeapInit       heap_2.o
    0x00001c20   0x00000018   Code   RO         6319    i.prvIdleTask       tasks.o
    0x00001c38   0x00000030   Code   RO         6708    i.prvInitialiseNewQueue  queue.o
    0x00001c68   0x000000b0   Code   RO         6320    i.prvInitialiseNewTask  tasks.o
    0x00001d18   0x00000064   Code   RO         6321    i.prvInitialiseTaskLists  tasks.o
    0x00001d7c   0x00000054   Code   RO         7109    i.prvInsertTimerInActiveList  timers.o
    0x00001dd0   0x0000001c   Code   RO         6709    i.prvIsQueueEmpty   queue.o
    0x00001dec   0x0000001e   Code   RO         6710    i.prvIsQueueFull    queue.o
    0x00001e0a   0x0000007a   Code   RO         6711    i.prvNotifyQueueSetContainer  queue.o
    0x00001e84   0x00000058   Code   RO         7110    i.prvProcessExpiredTimer  timers.o
    0x00001edc   0x000000e0   Code   RO         7111    i.prvProcessReceivedCommands  timers.o
    0x00001fbc   0x0000006c   Code   RO         7112    i.prvProcessTimerOrBlockTask  timers.o
    0x00002028   0x00000038   Code   RO         6323    i.prvResetNextTaskUnblockTime  tasks.o
    0x00002060   0x0000002c   Code   RO         7113    i.prvSampleTimeNow  timers.o
    0x0000208c   0x0000002c   Code   RO         6990    i.prvSetupTimerInterrupt  port.o
    0x000020b8   0x00000090   Code   RO         7114    i.prvSwitchTimerLists  timers.o
    0x00002148   0x00000024   Code   RO         6991    i.prvTaskExitError  port.o
    0x0000216c   0x0000001a   Code   RO         7115    i.prvTimerTask      timers.o
    0x00002186   0x000000a6   Code   RO         6712    i.prvUnlockQueue    queue.o
    0x0000222c   0x000000c4   Code   RO         7068    i.pvPortMalloc      heap_2.o
    0x000022f0   0x00000020   Code   RO         6992    i.pxPortInitialiseStack  port.o
    0x00002310   0x00000028   Code   RO         6952    i.uxListRemove      list.o
    0x00002338   0x00000006   Code   RO         7240    i.vApplicationMallocFailedHook  main.o
    0x0000233e   0x00000006   Code   RO         7241    i.vApplicationStackOverflowHook  main.o
    0x00002344   0x00000002   Code   RO         7242    i.vApplicationTickHook  main.o
    0x00002346   0x0000001a   Code   RO         6953    i.vListInitialise   list.o
    0x00002360   0x00000006   Code   RO         6954    i.vListInitialiseItem  list.o
    0x00002366   0x00000036   Code   RO         6955    i.vListInsert       list.o
    0x0000239c   0x00000018   Code   RO         6956    i.vListInsertEnd    list.o
    0x000023b4   0x0000001c   Code   RO         6994    i.vPortEnterCritical  port.o
    0x000023d0   0x00000028   Code   RO         6995    i.vPortExitCritical  port.o
    0x000023f8   0x00000044   Code   RO         7069    i.vPortFree         heap_2.o
    0x0000243c   0x00000018   Code   RO         6997    i.vPortYield        port.o
    0x00002454   0x0000002c   Code   RO         6718    i.vQueueAddToRegistry  queue.o
    0x00002480   0x0000004c   Code   RO         6722    i.vQueueWaitForMessageRestricted  queue.o
    0x000024cc   0x00000018   Code   RO         6339    i.vTaskInternalSetTimeOutState  tasks.o
    0x000024e4   0x0000000c   Code   RO         6340    i.vTaskMissedYield  tasks.o
    0x000024f0   0x0000002c   Code   RO         6342    i.vTaskPlaceOnEventList  tasks.o
    0x0000251c   0x00000034   Code   RO         6343    i.vTaskPlaceOnEventListRestricted  tasks.o
    0x00002550   0x00000078   Code   RO         6351    i.vTaskStartScheduler  tasks.o
    0x000025c8   0x00000010   Code   RO         6353    i.vTaskSuspendAll   tasks.o
    0x000025d8   0x000000b4   Code   RO         6354    i.vTaskSwitchContext  tasks.o
    0x0000268c   0x00000038   Code   RO         6998    i.xPortStartScheduler  port.o
    0x000026c4   0x00000050   Code   RO         6727    i.xQueueGenericCreate  queue.o
    0x00002714   0x00000082   Code   RO         6728    i.xQueueGenericReset  queue.o
    0x00002796   0x00000172   Code   RO         6729    i.xQueueGenericSend  queue.o
    0x00002908   0x000000d8   Code   RO         6730    i.xQueueGenericSendFromISR  queue.o
    0x000029e0   0x00000138   Code   RO         6737    i.xQueueReceive     queue.o
    0x00002b18   0x00000074   Code   RO         6355    i.xTaskCheckForTimeOut  tasks.o
    0x00002b8c   0x0000005c   Code   RO         6356    i.xTaskCreate       tasks.o
    0x00002be8   0x00000024   Code   RO         6360    i.xTaskGetSchedulerState  tasks.o
    0x00002c0c   0x0000000c   Code   RO         6361    i.xTaskGetTickCount  tasks.o
    0x00002c18   0x0000014c   Code   RO         6363    i.xTaskIncrementTick  tasks.o
    0x00002d64   0x00000088   Code   RO         6366    i.xTaskPriorityDisinherit  tasks.o
    0x00002dec   0x00000088   Code   RO         6368    i.xTaskRemoveFromEventList  tasks.o
    0x00002e74   0x000000f0   Code   RO         6369    i.xTaskResumeAll    tasks.o
    0x00002f64   0x00000048   Code   RO         7121    i.xTimerCreateTimerTask  timers.o
    0x00002fac   0x00000074   Code   RO         7122    i.xTimerGenericCommand  timers.o
    0x00003020   0x00000020   Data   RO         7799    Region$$Table       anon$$obj.o


    Execution Region RW_IRAM1 (Base: 0x20000000, Size: 0x00003ef8, Max: 0x00004000, ABSOLUTE)

    Base Addr    Size         Type   Attr      Idx    E Section Name        Object

    0x20000000   0x0000003c   Data   RW         6372    .data               tasks.o
    0x2000003c   0x00000004   Data   RW         6999    .data               port.o
    0x20000040   0x00000018   Data   RW         7073    .data               heap_2.o
    0x20000058   0x00000014   Data   RW         7128    .data               timers.o
    0x2000006c   0x00000004   Data   RW         7550    .data               system_fm33a0xx.o
    0x20000070   0x000000c8   Zero   RW         6371    .bss                tasks.o
    0x20000138   0x00000040   Zero   RW         6744    .bss                queue.o
    0x20000178   0x00002af8   Zero   RW         7072    .bss                heap_2.o
    0x20002c70   0x00000028   Zero   RW         7127    .bss                timers.o
    0x20002c98   0x00000060   Zero   RW         7672    .bss                c_p.l(libspace.o)
    0x20002cf8   0x00000200   Zero   RW         7540    HEAP                startup_fm33a0xx.o
    0x20002ef8   0x00001000   Zero   RW         7539    STACK               startup_fm33a0xx.o


==============================================================================

Image component sizes


      Code (inc. data)   RO Data    RW Data    ZI Data      Debug   Object Name

         0          0          0          0          0      14068   fm33a0xx_aes.o
        96         10          0          0          0       1109   fm33a0xx_anac.o
        28          6          0          0          0        538   fm33a0xx_flash.o
       636         58          0          0          0      15983   fm33a0xx_gpio.o
        80         18          0          0          0       1482   fm33a0xx_iwdt.o
       738         86          0          0          0      22733   fm33a0xx_rcc.o
       286          0          0          0          0       4162   fm33a0xx_scu.o
       320         48          0         24      11000       3387   heap_2.o
       150          0          0          0          0       3010   list.o
        98         22          0          0          0       2113   main.o
       416         58          0          4          0       5474   port.o
      1794          4          0          0         64      15394   queue.o
        56         26        192          0       4608        632   startup_fm33a0xx.o
        16          8          0          4          0        675   system_fm33a0xx.o
      2290        330          0         60        200      31445   tasks.o
      1054        110          0         20         40       8719   timers.o
      3074         78          0          0          0      20955   user_init.o
        92          8          0          0          0        958   user_task.o

    ----------------------------------------------------------------------
     11240        870        224        112      15912     152837   Object Totals
         0          0         32          0          0          0   (incl. Generated)
        16          0          0          0          0          0   (incl. Padding)

    ----------------------------------------------------------------------

      Code (inc. data)   RO Data    RW Data    ZI Data      Debug   Library Member Name

         8          0          0          0          0         68   __main.o
         0          0          0          0          0          0   __rtentry.o
        12          0          0          0          0          0   __rtentry2.o
         6          0          0          0          0          0   __rtentry4.o
        60          8          0          0          0          0   __scatter.o
        26          0          0          0          0          0   __scatter_copy.o
        28          0          0          0          0          0   __scatter_zi.o
        18          0          0          0          0         68   aeabi_memset.o
       346          0          0          0          0         92   aeabi_sdiv.o
        16          0          0          0          0         68   exit.o
         6          0          0          0          0        136   heapauxi.o
         0          0          0          0          0          0   indicate_semi.o
         2          0          0          0          0          0   libinit.o
         2          0          0          0          0          0   libinit2.o
         2          0          0          0          0          0   libshutdown.o
         2          0          0          0          0          0   libshutdown2.o
         8          4          0          0         96         68   libspace.o
        64          0          0          0          0        108   rt_memclr.o
       186          0          0          0          0        144   rt_memcpy.o
         2          0          0          0          0          0   rtexit.o
        10          0          0          0          0          0   rtexit2.o
        12          4          0          0          0         60   sys_exit.o
        62          0          0          0          0         80   sys_stackheap_outer.o
         2          0          0          0          0         68   use_no_semi.o

    ----------------------------------------------------------------------
       888         16          0          0         96        960   Library Totals
         8          0          0          0          0          0   (incl. Padding)

    ----------------------------------------------------------------------

      Code (inc. data)   RO Data    RW Data    ZI Data      Debug   Library Name

       880         16          0          0         96        960   c_p.l

    ----------------------------------------------------------------------
       888         16          0          0         96        960   Library Totals

    ----------------------------------------------------------------------

==============================================================================


      Code (inc. data)   RO Data    RW Data    ZI Data      Debug   

     12128        886        224        112      16008     147169   Grand Totals
     12128        886        224        112      16008     147169   ELF Image Totals
     12128        886        224        112          0          0   ROM Totals

==============================================================================

    Total RO  Size (Code + RO Data)                12352 (  12.06kB)
    Total RW  Size (RW Data + ZI Data)             16120 (  15.74kB)
    Total ROM Size (Code + RO Data + RW Data)      12464 (  12.17kB)

==============================================================================

